148.251.136.43 - - [02/Mar/2016:23:09:22 +0800] "GET /robots.txt HTTP/1.1" 404 286 "-" "Mozilla/5.0 (compatible; BLEXBot/1.0; +http://webmeup-crawler.com/)"
123.125.71.106 - - [02/Mar/2016:23:13:51 +0800] "GET / HTTP/1.1" 403 4961 "-" "Mozilla/5.0 (Windows NT 5.1; rv:6.0.2) Gecko/20100101 Firefox/6.0.2"
220.181.108.93 - - [02/Mar/2016:23:17:02 +0800] "GET / HTTP/1.1" 403 4961 "-" "Mozilla/5.0 (Windows NT 5.1; rv:6.0.2) Gecko/20100101 Firefox/6.0.2"
148.251.136.43 - - [02/Mar/2016:23:19:55 +0800] "GET /robots.txt HTTP/1.1" 404 286 "-" "Mozilla/5.0 (compatible; BLEXBot/1.0; +http://webmeup-crawler.com/)"
220.181.108.107 - - [02/Mar/2016:23:20:27 +0800] "GET / HTTP/1.1" 403 4961 "-" "Mozilla/5.0 (compatible; Baiduspider/2.0; +http://www.baidu.com/search/spider.html)"
220.181.108.156 - - [02/Mar/2016:23:24:53 +0800] "GET / HTTP/1.1" 403 4961 "-" "Mozilla/5.0 (compatible; Baiduspider/2.0; +http://www.baidu.com/search/spider.html)"
146.185.239.100 - - [02/Mar/2016:23:28:13 +0800] "GET http://24x7-allrequestsallowed.com/?PHPSESSID=aab45f4f00143PSWJTWDYCE%5BJ%40S HTTP/1.1" 403 4961 "-" "-"
148.251.136.43 - - [02/Mar/2016:23:30:03 +0800] "GET /robots.txt HTTP/1.1" 404 286 "-" "Mozilla/5.0 (compatible; BLEXBot/1.0; +http://webmeup-crawler.com/)"
148.251.136.43 - - [02/Mar/2016:23:40:45 +0800] "GET /robots.txt HTTP/1.1" 404 286 "-" "Mozilla/5.0 (compatible; BLEXBot/1.0; +http://webmeup-crawler.com/)"
95.211.213.35 - - [02/Mar/2016:23:41:56 +0800] "HEAD / HTTP/1.1" 403 - "http://zixuephp.com/" "Mozilla/5.0 (Windows NT 5.1; rv:14.0) Gecko/20100101 Firefox/14.0.1 AlexaToolbar/alxf-2.17"
95.211.213.35 - - [02/Mar/2016:23:41:59 +0800] "HEAD / HTTP/1.1" 403 - "http://114.215.113.71/" "Mozilla/5.0 (Windows NT 5.1; rv:14.0) Gecko/20100101 Firefox/14.0.1 AlexaToolbar/alxf-2.17"
148.251.136.43 - - [02/Mar/2016:23:51:57 +0800] "GET /robots.txt HTTP/1.1" 404 286 "-" "Mozilla/5.0 (compatible; BLEXBot/1.0; +http://webmeup-crawler.com/)"
220.181.108.117 - - [02/Mar/2016:23:58:13 +0800] "GET / HTTP/1.1" 403 4961 "-" "Mozilla/5.0 (compatible; Baiduspider/2.0; +http://www.baidu.com/search/spider.html)"
148.251.136.43 - - [03/Mar/2016:00:03:07 +0800] "GET /robots.txt HTTP/1.1" 404 286 "-" "Mozilla/5.0 (compatible; BLEXBot/1.0; +http://webmeup-crawler.com/)"
2.187.253.17 - - [03/Mar/2016:00:03:33 +0800] "GET /html/phpjj/201409181077.html HTTP/1.1" 404 304 "-" "Mozilla/5.0 (compatible; yoozBot-2.2; http://yooz.ir; info@yooz.ir)"
2.187.253.17 - - [03/Mar/2016:00:13:20 +0800] "GET /html/phpjj HTTP/1.1" 404 286 "-" "Mozilla/5.0 (compatible; yoozBot-2.2; http://yooz.ir; info@yooz.ir)"
123.125.71.86 - - [03/Mar/2016:00:13:58 +0800] "GET / HTTP/1.1" 403 4961 "-" "Mozilla/5.0 (Windows NT 5.1; rv:6.0.2) Gecko/20100101 Firefox/6.0.2"
148.251.136.43 - - [03/Mar/2016:00:13:59 +0800] "GET /robots.txt HTTP/1.1" 404 286 "-" "Mozilla/5.0 (compatible; BLEXBot/1.0; +http://webmeup-crawler.com/)"
220.181.108.75 - - [03/Mar/2016:00:17:27 +0800] "GET / HTTP/1.1" 403 4961 "-" "Mozilla/5.0 (Windows NT 5.1; rv:6.0.2) Gecko/20100101 Firefox/6.0.2"
148.251.136.43 - - [03/Mar/2016:00:24:06 +0800] "GET /robots.txt HTTP/1.1" 404 286 "-" "Mozilla/5.0 (compatible; BLEXBot/1.0; +http://webmeup-crawler.com/)"
220.160.197.175 - - [03/Mar/2016:00:29:06 +0800] "GET / HTTP/1.1" 403 4961 "-" "Mozilla/5.0 (Linux; U; Android 4.4.4; zh-cn; MI NOTE LTE Build/KTU84P) AppleWebKit/537.36 (KHTML, like Gecko) Version/4.0 Chrome/42.0.0.0 Mobile Safari/537.36 XiaoMi/MiuiBrowser/2.1.1"
220.160.197.175 - - [03/Mar/2016:00:29:07 +0800] "GET /icons/apache_pb.gif HTTP/1.1" 200 2326 "http://zixuephp.com/" "Mozilla/5.0 (Linux; U; Android 4.4.4; zh-cn; MI NOTE LTE Build/KTU84P) AppleWebKit/537.36 (KHTML, like Gecko) Version/4.0 Chrome/42.0.0.0 Mobile Safari/537.36 XiaoMi/MiuiBrowser/2.1.1"
220.160.197.175 - - [03/Mar/2016:00:29:07 +0800] "GET /icons/poweredby.png HTTP/1.1" 200 3956 "http://zixuephp.com/" "Mozilla/5.0 (Linux; U; Android 4.4.4; zh-cn; MI NOTE LTE Build/KTU84P) AppleWebKit/537.36 (KHTML, like Gecko) Version/4.0 Chrome/42.0.0.0 Mobile Safari/537.36 XiaoMi/MiuiBrowser/2.1.1"
220.160.197.175 - - [03/Mar/2016:00:29:07 +0800] "GET /favicon.ico HTTP/1.1" 404 287 "http://zixuephp.com/" "Mozilla/5.0 (Linux; U; Android 4.4.4; zh-cn; MI NOTE LTE Build/KTU84P) AppleWebKit/537.36 (KHTML, like Gecko) Version/4.0 Chrome/42.0.0.0 Mobile Safari/537.36 XiaoMi/MiuiBrowser/2.1.1"
119.147.146.189 - - [03/Mar/2016:00:29:24 +0800] "GET / HTTP/1.1" 403 4961 "-" "Mozilla/5.0 (Windows NT 6.1; WOW64) AppleWebKit/537.36 (KHTML, like Gecko) Chrome/39.0.2171.95  Safari/537.36"
51.254.141.5 - - [03/Mar/2016:00:30:29 +0800] "GET /robots.txt HTTP/1.0" 404 286 "-" "Mozilla/5.0 (compatible; MJ12bot/v1.4.5; http://www.majestic12.co.uk/bot.php?+)"
51.254.141.5 - - [03/Mar/2016:00:30:32 +0800] "GET / HTTP/1.0" 403 4961 "-" "Mozilla/5.0 (compatible; MJ12bot/v1.4.5; http://www.majestic12.co.uk/bot.php?+)"
220.160.197.175 - - [03/Mar/2016:00:32:28 +0800] "GET / HTTP/1.1" 403 4961 "-" "Mozilla/5.0 (Linux; U; Android 4.4.4; zh-cn; MI NOTE LTE Build/KTU84P) AppleWebKit/537.36 (KHTML, like Gecko) Version/4.0 Chrome/42.0.0.0 Mobile Safari/537.36 XiaoMi/MiuiBrowser/2.1.1"
148.251.136.43 - - [03/Mar/2016:00:34:32 +0800] "GET /robots.txt HTTP/1.1" 404 286 "-" "Mozilla/5.0 (compatible; BLEXBot/1.0; +http://webmeup-crawler.com/)"
121.196.208.44 - - [03/Mar/2016:00:34:46 +0800] "GET / HTTP/1.0" 403 4961 "-" "-"
121.196.208.44 - - [03/Mar/2016:00:34:49 +0800] "HEAD / HTTP/1.0" 403 - "-" "-"
121.196.208.44 - - [03/Mar/2016:00:34:51 +0800] "TRACE HTTP://localhost HTTP/1.0" 200 35 "-" "-"
121.196.208.44 - - [03/Mar/2016:00:34:53 +0800] "TRACE / HTTP/1.0" 200 20 "-" "-"
121.196.208.44 - - [03/Mar/2016:00:34:54 +0800] "\x80\x80\x01\x03\x01" 501 282 "-" "-"
121.196.208.44 - - [03/Mar/2016:00:35:27 +0800] "HELO AMAP" 400 301 "-" "-"
121.196.208.44 - - [03/Mar/2016:00:35:29 +0800] "USER AMAP" 400 301 "-" "-"
121.196.208.44 - - [03/Mar/2016:00:36:08 +0800] "" 501 277 "-" "-"
121.196.208.44 - - [03/Mar/2016:00:36:26 +0800] "< NTP/1.2 >" 400 301 "-" "-"
148.251.136.43 - - [03/Mar/2016:00:45:36 +0800] "GET /robots.txt HTTP/1.1" 404 286 "-" "Mozilla/5.0 (compatible; BLEXBot/1.0; +http://webmeup-crawler.com/)"
148.251.136.43 - - [03/Mar/2016:00:56:35 +0800] "GET /robots.txt HTTP/1.1" 404 286 "-" "Mozilla/5.0 (compatible; BLEXBot/1.0; +http://webmeup-crawler.com/)"
148.251.136.43 - - [03/Mar/2016:01:06:59 +0800] "GET /robots.txt HTTP/1.1" 404 286 "-" "Mozilla/5.0 (compatible; BLEXBot/1.0; +http://webmeup-crawler.com/)"
141.212.122.64 - - [03/Mar/2016:01:10:35 +0800] "GET / HTTP/1.1" 403 4961 "-" "Mozilla/5.0 zgrab/0.x"
123.125.71.109 - - [03/Mar/2016:01:15:45 +0800] "GET / HTTP/1.1" 403 4961 "-" "Mozilla/5.0 (Windows NT 5.1; rv:6.0.2) Gecko/20100101 Firefox/6.0.2"
148.251.136.43 - - [03/Mar/2016:01:17:07 +0800] "GET /robots.txt HTTP/1.1" 404 286 "-" "Mozilla/5.0 (compatible; BLEXBot/1.0; +http://webmeup-crawler.com/)"
220.181.108.104 - - [03/Mar/2016:01:18:34 +0800] "GET / HTTP/1.1" 403 4961 "-" "Mozilla/5.0 (Windows NT 5.1; rv:6.0.2) Gecko/20100101 Firefox/6.0.2"
23.251.63.45 - - [03/Mar/2016:01:19:24 +0800] "GET http://azenv.net/ HTTP/1.0" 403 4961 "-" "Mozilla/5.0 (compatible; MSIE 6.0; Windows NT 5.1; Trident/5.0)"
23.251.63.45 - - [03/Mar/2016:01:19:24 +0800] "CONNECT www.baidu.com:443 HTTP/1.0" 405 305 "-" "-"
148.251.136.43 - - [03/Mar/2016:01:28:57 +0800] "GET /robots.txt HTTP/1.1" 404 286 "-" "Mozilla/5.0 (compatible; BLEXBot/1.0; +http://webmeup-crawler.com/)"
148.251.136.43 - - [03/Mar/2016:01:31:39 +0800] "GET /robots.txt HTTP/1.1" 404 286 "-" "Mozilla/5.0 (compatible; BLEXBot/1.0; +http://webmeup-crawler.com/)"
148.251.136.43 - - [03/Mar/2016:01:34:20 +0800] "GET /robots.txt HTTP/1.1" 404 286 "-" "Mozilla/5.0 (compatible; BLEXBot/1.0; +http://webmeup-crawler.com/)"
134.96.225.202 - - [03/Mar/2016:01:34:58 +0800] "GET / HTTP/1.1" 403 4961 "-" "Mozilla/5.0 (Windows NT 6.1) AppleWebKit/537.36 (KHTML, like Gecko) Chrome/41.0.2228.0 Safari/537.36 Google-HTTP-Java-Client/1.20.0 (gzip)"
134.96.225.202 - - [03/Mar/2016:01:34:58 +0800] "GET / HTTP/1.1" 403 4961 "-" "Mozilla/5.0 (Windows NT 6.1) AppleWebKit/537.36 (KHTML, like Gecko) Chrome/41.0.2228.0 Safari/537.36 Google-HTTP-Java-Client/1.20.0 (gzip)"
148.251.136.43 - - [03/Mar/2016:01:36:42 +0800] "GET /robots.txt HTTP/1.1" 404 286 "-" "Mozilla/5.0 (compatible; BLEXBot/1.0; +http://webmeup-crawler.com/)"
148.251.136.43 - - [03/Mar/2016:01:46:58 +0800] "GET /robots.txt HTTP/1.1" 404 286 "-" "Mozilla/5.0 (compatible; BLEXBot/1.0; +http://webmeup-crawler.com/)"
111.202.102.72 - - [03/Mar/2016:01:48:37 +0800] "GET /robots.txt HTTP/1.1" 404 286 "-" "Sogou web spider/4.0(+http://www.sogou.com/docs/help/webmasters.htm#07)"
148.251.136.43 - - [03/Mar/2016:01:49:31 +0800] "GET /robots.txt HTTP/1.1" 404 286 "-" "Mozilla/5.0 (compatible; BLEXBot/1.0; +http://webmeup-crawler.com/)"
179.155.188.219 - - [03/Mar/2016:01:52:57 +0800] "GET / HTTP/1.1" 403 4961 "http://top1-seo-service.com/try.php?u=http://zixuephp.com" "Mozilla/5.0 (Windows NT 6.1; WOW64) AppleWebKit/537.36 (KHTML, like Gecko) Chrome/47.0.2526.111 Safari/537.36"
179.155.188.219 - - [03/Mar/2016:01:52:58 +0800] "GET /icons/apache_pb.gif HTTP/1.1" 200 2326 "http://zixuephp.com/" "Mozilla/5.0 (Windows NT 6.1; WOW64) AppleWebKit/537.36 (KHTML, like Gecko) Chrome/47.0.2526.111 Safari/537.36"
179.155.188.219 - - [03/Mar/2016:01:52:59 +0800] "GET /icons/poweredby.png HTTP/1.1" 200 3956 "http://zixuephp.com/" "Mozilla/5.0 (Windows NT 6.1; WOW64) AppleWebKit/537.36 (KHTML, like Gecko) Chrome/47.0.2526.111 Safari/537.36"
148.251.136.43 - - [03/Mar/2016:02:11:41 +0800] "GET /robots.txt HTTP/1.1" 404 286 "-" "Mozilla/5.0 (compatible; BLEXBot/1.0; +http://webmeup-crawler.com/)"
123.125.71.91 - - [03/Mar/2016:02:17:33 +0800] "GET / HTTP/1.1" 403 4961 "-" "Mozilla/5.0 (Windows NT 5.1; rv:6.0.2) Gecko/20100101 Firefox/6.0.2"
220.181.108.110 - - [03/Mar/2016:02:20:50 +0800] "GET / HTTP/1.1" 403 4961 "-" "Mozilla/5.0 (Windows NT 5.1; rv:6.0.2) Gecko/20100101 Firefox/6.0.2"
111.202.102.72 - - [03/Mar/2016:02:36:02 +0800] "GET / HTTP/1.1" 403 4961 "-" "Mozilla/5.0 (X11; Linux x86_64) AppleWebKit/534.34 (KHTML, like Gecko) Qt/4.8.1 Safari/534.34"
111.202.102.72 - - [03/Mar/2016:02:36:02 +0800] "GET /icons/apache_pb.gif HTTP/1.1" 200 2326 "http://zixuephp.com/" "Mozilla/5.0 (X11; Linux x86_64) AppleWebKit/534.34 (KHTML, like Gecko) Qt/4.8.1 Safari/534.34"
111.202.102.72 - - [03/Mar/2016:02:36:02 +0800] "GET /icons/poweredby.png HTTP/1.1" 200 3956 "http://zixuephp.com/" "Mozilla/5.0 (X11; Linux x86_64) AppleWebKit/534.34 (KHTML, like Gecko) Qt/4.8.1 Safari/534.34"
5.178.86.76 - - [03/Mar/2016:02:36:31 +0800] "CONNECT check.best-proxies.ru:80 HTTP/1.1" 400 313 "-" "-"
69.61.12.70 - - [03/Mar/2016:03:03:39 +0800] "GET / HTTP/1.1" 403 4961 "" "Mozilla/5.0 CommonCrawler Node 6EBHVLAQTJMS6CH3QO6KZDOU6RDPD67I5ESNT2Q7PYUCCZFHDS4MSVLEVBU4TWU.YGX2MXCIY.IPDPU5DREIRCSDFNIYUDTS4IPSHZZKTAIQGLOB722RD5XWQ4.cdn0.common.crawl.zone"
123.125.71.69 - - [03/Mar/2016:03:14:53 +0800] "GET / HTTP/1.1" 403 4961 "-" "Mozilla/5.0 (Windows NT 5.1; rv:6.0.2) Gecko/20100101 Firefox/6.0.2"
220.181.108.80 - - [03/Mar/2016:03:17:06 +0800] "GET / HTTP/1.1" 403 4961 "-" "Mozilla/5.0 (Windows NT 5.1; rv:6.0.2) Gecko/20100101 Firefox/6.0.2"
148.251.136.43 - - [03/Mar/2016:03:25:12 +0800] "GET /robots.txt HTTP/1.1" 404 286 "-" "Mozilla/5.0 (compatible; BLEXBot/1.0; +http://webmeup-crawler.com/)"
123.151.42.61 - - [03/Mar/2016:03:32:53 +0800] "GET http://www.baidu.com/ HTTP/1.1" 403 4961 "-" "-"
148.251.136.43 - - [03/Mar/2016:03:35:58 +0800] "GET /robots.txt HTTP/1.1" 404 286 "-" "Mozilla/5.0 (compatible; BLEXBot/1.0; +http://webmeup-crawler.com/)"
185.35.62.11 - - [03/Mar/2016:04:02:40 +0800] "GET / HTTP/1.1" 403 4961 "-" "Mozilla/5.0 zgrab/0.x"
172.82.166.210 - - [03/Mar/2016:04:04:20 +0800] "GET http://www.baidu.com/cache/global/img/gs.gif HTTP/1.1" 404 300 "-" "Mozilla"
123.125.71.74 - - [03/Mar/2016:04:13:31 +0800] "GET / HTTP/1.1" 403 4961 "-" "Mozilla/5.0 (Windows NT 5.1; rv:6.0.2) Gecko/20100101 Firefox/6.0.2"
220.181.108.109 - - [03/Mar/2016:04:16:53 +0800] "GET / HTTP/1.1" 403 4961 "-" "Mozilla/5.0 (Windows NT 5.1; rv:6.0.2) Gecko/20100101 Firefox/6.0.2"
69.61.12.70 - - [03/Mar/2016:04:44:24 +0800] "GET / HTTP/1.1" 403 4961 "http://HLIWX2RFS32XOZOXJGQ6LSCGA43PKI2CTY7EIFNMV4HDMJ62BSKKFP4JAIP6TOV.AZ6SOSZ5A.VUSA3QTQVB4NTWT7BIUUMBPBOT6B6OQFANZZIXXTPJ7A7KSR.cdn1.common.crawl.zone/" "Mozilla/5.0 (Macintosh; Intel Mac OS X 10_10_5) AppleWebKit/537.36 (KHTML, like Gecko) Chrome/45.0.2454.101 Safari/537.36"
69.61.12.70 - - [03/Mar/2016:04:44:35 +0800] "GET / HTTP/1.1" 403 4961 "http://HLIWX2RFS32XOZOXJGQ6LSCGA43PKI2CTY7EIFNMV4HDMJ62BSKKFP4JAIP6TOV.AZ6SOSZ5A.VUSA3QTQVB4NTWT7BIUUMBPBOT6B6OQFANZZIXXTPJ7A7KSR.cdn1.common.crawl.zone/" "Mozilla/5.0 (Macintosh; Intel Mac OS X 10_10_5) AppleWebKit/537.36 (KHTML, like Gecko) Chrome/45.0.2454.101 Safari/537.36"
148.251.136.43 - - [03/Mar/2016:04:54:00 +0800] "GET /robots.txt HTTP/1.1" 404 286 "-" "Mozilla/5.0 (compatible; BLEXBot/1.0; +http://webmeup-crawler.com/)"
123.125.71.115 - - [03/Mar/2016:05:13:11 +0800] "GET / HTTP/1.1" 403 4961 "-" "Mozilla/5.0 (Windows NT 5.1; rv:6.0.2) Gecko/20100101 Firefox/6.0.2"
148.251.136.43 - - [03/Mar/2016:05:16:13 +0800] "GET /robots.txt HTTP/1.1" 404 286 "-" "Mozilla/5.0 (compatible; BLEXBot/1.0; +http://webmeup-crawler.com/)"
220.181.108.89 - - [03/Mar/2016:05:16:19 +0800] "GET / HTTP/1.1" 403 4961 "-" "Mozilla/5.0 (Windows NT 5.1; rv:6.0.2) Gecko/20100101 Firefox/6.0.2"
148.251.136.43 - - [03/Mar/2016:05:26:55 +0800] "GET /robots.txt HTTP/1.1" 404 286 "-" "Mozilla/5.0 (compatible; BLEXBot/1.0; +http://webmeup-crawler.com/)"
207.46.13.153 - - [03/Mar/2016:05:28:04 +0800] "GET / HTTP/1.1" 403 4961 "-" "Mozilla/5.0 (compatible; bingbot/2.0; +http://www.bing.com/bingbot.htm)"
148.251.136.43 - - [03/Mar/2016:05:37:36 +0800] "GET /robots.txt HTTP/1.1" 404 286 "-" "Mozilla/5.0 (compatible; BLEXBot/1.0; +http://webmeup-crawler.com/)"
130.193.51.34 - - [03/Mar/2016:05:43:29 +0800] "GET /robots.txt HTTP/1.1" 404 286 "-" "Mozilla/5.0 (compatible; YandexBot/3.0; +http://yandex.com/bots)"
141.8.142.38 - - [03/Mar/2016:05:43:33 +0800] "GET / HTTP/1.1" 403 4961 "-" "Mozilla/5.0 (compatible; YandexBot/3.0; +http://yandex.com/bots)"
148.251.136.43 - - [03/Mar/2016:05:48:32 +0800] "GET /robots.txt HTTP/1.1" 404 286 "-" "Mozilla/5.0 (compatible; BLEXBot/1.0; +http://webmeup-crawler.com/)"
148.251.136.43 - - [03/Mar/2016:05:59:01 +0800] "GET /robots.txt HTTP/1.1" 404 286 "-" "Mozilla/5.0 (compatible; BLEXBot/1.0; +http://webmeup-crawler.com/)"
103.243.26.232 - - [03/Mar/2016:06:09:41 +0800] "GET / HTTP/1.1" 403 4961 "-" "Go 1.1 package http"
148.251.136.43 - - [03/Mar/2016:06:09:59 +0800] "GET /robots.txt HTTP/1.1" 404 286 "-" "Mozilla/5.0 (compatible; BLEXBot/1.0; +http://webmeup-crawler.com/)"
123.125.71.111 - - [03/Mar/2016:06:12:11 +0800] "GET / HTTP/1.1" 403 4961 "-" "Mozilla/5.0 (Windows NT 5.1; rv:6.0.2) Gecko/20100101 Firefox/6.0.2"
64.79.85.205 - - [03/Mar/2016:06:30:13 +0800] "GET /robots.txt HTTP/1.1" 404 286 "-" "Mozilla/5.0 (Windows NT 6.1) (compatible; SMTBot/1.0; +http://www.similartech.com/smtbot)"
64.79.85.205 - - [03/Mar/2016:06:30:27 +0800] "GET / HTTP/1.1" 403 4961 "-" "Mozilla/5.0 (Windows NT 6.1) (compatible; SMTBot/1.0; +http://www.similartech.com/smtbot)"
148.251.136.43 - - [03/Mar/2016:06:31:55 +0800] "GET /robots.txt HTTP/1.1" 404 286 "-" "Mozilla/5.0 (compatible; BLEXBot/1.0; +http://webmeup-crawler.com/)"
148.251.136.43 - - [03/Mar/2016:06:42:22 +0800] "GET /robots.txt HTTP/1.1" 404 286 "-" "Mozilla/5.0 (compatible; BLEXBot/1.0; +http://webmeup-crawler.com/)"
148.251.136.43 - - [03/Mar/2016:06:53:24 +0800] "GET /robots.txt HTTP/1.1" 404 286 "-" "Mozilla/5.0 (compatible; BLEXBot/1.0; +http://webmeup-crawler.com/)"
177.12.15.124 - - [03/Mar/2016:07:05:51 +0800] "GET / HTTP/1.1" 403 4961 "http://top1-seo-service.com/try.php?u=http://zixuephp.com" "Mozilla/5.0 (Windows NT 6.1; WOW64) AppleWebKit/537.36 (KHTML, like Gecko) Chrome/32.0.1700.107 Safari/537.36"
177.12.15.124 - - [03/Mar/2016:07:05:53 +0800] "GET /icons/poweredby.png HTTP/1.1" 200 3956 "http://zixuephp.com/" "Mozilla/5.0 (Windows NT 6.1; WOW64) AppleWebKit/537.36 (KHTML, like Gecko) Chrome/32.0.1700.107 Safari/537.36"
177.12.15.124 - - [03/Mar/2016:07:05:53 +0800] "GET /icons/apache_pb.gif HTTP/1.1" 200 2326 "http://zixuephp.com/" "Mozilla/5.0 (Windows NT 6.1; WOW64) AppleWebKit/537.36 (KHTML, like Gecko) Chrome/32.0.1700.107 Safari/537.36"
123.125.71.79 - - [03/Mar/2016:07:13:56 +0800] "GET / HTTP/1.1" 403 4961 "-" "Mozilla/5.0 (Windows NT 5.1; rv:6.0.2) Gecko/20100101 Firefox/6.0.2"
148.251.136.43 - - [03/Mar/2016:07:15:14 +0800] "GET /robots.txt HTTP/1.1" 404 286 "-" "Mozilla/5.0 (compatible; BLEXBot/1.0; +http://webmeup-crawler.com/)"
220.181.108.153 - - [03/Mar/2016:07:21:07 +0800] "GET / HTTP/1.1" 403 4961 "-" "Mozilla/5.0 (Windows NT 5.1; rv:6.0.2) Gecko/20100101 Firefox/6.0.2"
5.178.86.77 - - [03/Mar/2016:07:27:42 +0800] "CONNECT check.best-proxies.ru:80 HTTP/1.1" 400 313 "-" "-"
148.251.136.43 - - [03/Mar/2016:07:36:27 +0800] "GET /robots.txt HTTP/1.1" 404 286 "-" "Mozilla/5.0 (compatible; BLEXBot/1.0; +http://webmeup-crawler.com/)"
2.187.253.17 - - [03/Mar/2016:07:55:05 +0800] "GET /robots.txt HTTP/1.1" 404 286 "-" "Mozilla/5.0 (compatible; yoozBot-2.2; http://yooz.ir; info@yooz.ir)"
2.187.253.17 - - [03/Mar/2016:07:55:06 +0800] "GET /mysql/201406241.html HTTP/1.1" 404 296 "-" "Mozilla/5.0 (compatible; yoozBot-2.2; http://yooz.ir; info@yooz.ir)"
148.251.136.43 - - [03/Mar/2016:07:57:40 +0800] "GET /robots.txt HTTP/1.1" 404 286 "-" "Mozilla/5.0 (compatible; BLEXBot/1.0; +http://webmeup-crawler.com/)"
123.125.71.81 - - [03/Mar/2016:08:12:29 +0800] "GET / HTTP/1.1" 403 4961 "-" "Mozilla/5.0 (Windows NT 5.1; rv:6.0.2) Gecko/20100101 Firefox/6.0.2"
220.181.108.184 - - [03/Mar/2016:08:20:34 +0800] "GET / HTTP/1.1" 403 4961 "-" "Mozilla/5.0 (Windows NT 5.1; rv:6.0.2) Gecko/20100101 Firefox/6.0.2"
54.160.243.201 - - [03/Mar/2016:08:29:44 +0800] "GET / HTTP/1.1" 403 4961 "-" "Mozilla/5.0 (compatible; linkdexbot/2.0; +http://www.linkdex.com/bots/)"
148.251.136.43 - - [03/Mar/2016:08:40:59 +0800] "GET /robots.txt HTTP/1.1" 404 286 "-" "Mozilla/5.0 (compatible; BLEXBot/1.0; +http://webmeup-crawler.com/)"
54.204.161.205 - - [03/Mar/2016:08:48:48 +0800] "GET / HTTP/1.1" 403 4961 "-" "Mozilla/5.0 (Windows NT 6.3; WOW64) AppleWebKit/537.36 (KHTML, like Gecko) Chrome/32.0.1700.76 Safari/537.36"
148.251.136.43 - - [03/Mar/2016:08:51:56 +0800] "GET /robots.txt HTTP/1.1" 404 286 "-" "Mozilla/5.0 (compatible; BLEXBot/1.0; +http://webmeup-crawler.com/)"
69.61.12.70 - - [03/Mar/2016:09:02:54 +0800] "GET / HTTP/1.1" 403 4961 "" "Mozilla/5.0 CommonCrawler Node ZU44JIN7GZJTSLJQNN2KIANNOLHT7DPRFRPKTRJWD6ZFSJ4Q7GEC7BXXB5TRNPF.6VJRANOQV.YZDVW7INNYQTRZ7SH2FCU5PZJWC5QKAFF5KHBLLJPEAQNL4V.cdn0.common.crawl.zone"
134.91.78.159 - - [03/Mar/2016:09:05:54 +0800] "GET / HTTP/1.1" 403 4961 "-" "-"
134.91.78.159 - - [03/Mar/2016:09:05:59 +0800] "GET / HTTP/1.1" 403 4961 "-" "-"
172.82.166.210 - - [03/Mar/2016:09:11:08 +0800] "GET http://www.baidu.com/cache/global/img/gs.gif HTTP/1.1" 404 300 "-" "Mozilla"
148.251.136.43 - - [03/Mar/2016:09:12:25 +0800] "GET /robots.txt HTTP/1.1" 404 286 "-" "Mozilla/5.0 (compatible; BLEXBot/1.0; +http://webmeup-crawler.com/)"
123.125.71.108 - - [03/Mar/2016:09:13:02 +0800] "GET / HTTP/1.1" 403 4961 "-" "Mozilla/5.0 (Windows NT 5.1; rv:6.0.2) Gecko/20100101 Firefox/6.0.2"
148.251.136.43 - - [03/Mar/2016:09:22:40 +0800] "GET /robots.txt HTTP/1.1" 404 286 "-" "Mozilla/5.0 (compatible; BLEXBot/1.0; +http://webmeup-crawler.com/)"
87.106.82.63 - - [03/Mar/2016:09:25:24 +0800] "GET /error_log.php HTTP/1.0" 404 289 "-" "-"
148.251.136.43 - - [03/Mar/2016:09:33:01 +0800] "GET /robots.txt HTTP/1.1" 404 286 "-" "Mozilla/5.0 (compatible; BLEXBot/1.0; +http://webmeup-crawler.com/)"
179.108.85.205 - - [03/Mar/2016:09:33:02 +0800] "GET / HTTP/1.1" 403 4961 "http://top1-seo-service.com/try.php?u=http://zixuephp.com" "Mozilla/5.0 (Windows NT 6.1; WOW64) AppleWebKit/537.36 (KHTML, like Gecko) Chrome/47.0.2526.111 Safari/537.36"
179.108.85.205 - - [03/Mar/2016:09:33:03 +0800] "GET /icons/apache_pb.gif HTTP/1.1" 200 2326 "http://zixuephp.com/" "Mozilla/5.0 (Windows NT 6.1; WOW64) AppleWebKit/537.36 (KHTML, like Gecko) Chrome/47.0.2526.111 Safari/537.36"
179.108.85.205 - - [03/Mar/2016:09:33:03 +0800] "GET /icons/poweredby.png HTTP/1.1" 200 3956 "http://zixuephp.com/" "Mozilla/5.0 (Windows NT 6.1; WOW64) AppleWebKit/537.36 (KHTML, like Gecko) Chrome/47.0.2526.111 Safari/537.36"
148.251.136.43 - - [03/Mar/2016:09:43:21 +0800] "GET /robots.txt HTTP/1.1" 404 286 "-" "Mozilla/5.0 (compatible; BLEXBot/1.0; +http://webmeup-crawler.com/)"
148.251.136.43 - - [03/Mar/2016:09:53:32 +0800] "GET /robots.txt HTTP/1.1" 404 286 "-" "Mozilla/5.0 (compatible; BLEXBot/1.0; +http://webmeup-crawler.com/)"
148.251.136.43 - - [03/Mar/2016:10:04:26 +0800] "GET /robots.txt HTTP/1.1" 404 286 "-" "Mozilla/5.0 (compatible; BLEXBot/1.0; +http://webmeup-crawler.com/)"
208.80.194.120 - - [03/Mar/2016:10:05:39 +0800] "GET / HTTP/1.0" 403 4961 "-" "Mozilla/5.0 (X11; U; Linux x86_64; en-US; rv:1.9.2.13) Gecko/20101206 Ubuntu/10.04 (lucid) Firefox/3.6.13"
123.125.71.73 - - [03/Mar/2016:10:12:57 +0800] "GET / HTTP/1.1" 403 4961 "-" "Mozilla/5.0 (Windows NT 5.1; rv:6.0.2) Gecko/20100101 Firefox/6.0.2"
148.251.136.43 - - [03/Mar/2016:10:15:00 +0800] "GET /robots.txt HTTP/1.1" 404 286 "-" "Mozilla/5.0 (compatible; BLEXBot/1.0; +http://webmeup-crawler.com/)"
2.187.253.17 - - [03/Mar/2016:10:17:16 +0800] "GET /wzht/phpku/20141204_12460.html HTTP/1.1" 404 306 "-" "Mozilla/5.0 (compatible; yoozBot-2.2; http://yooz.ir; info@yooz.ir)"
220.181.108.176 - - [03/Mar/2016:10:21:11 +0800] "GET / HTTP/1.1" 403 4961 "-" "Mozilla/5.0 (Windows NT 5.1; rv:6.0.2) Gecko/20100101 Firefox/6.0.2"
148.251.136.43 - - [03/Mar/2016:10:25:58 +0800] "GET /robots.txt HTTP/1.1" 404 286 "-" "Mozilla/5.0 (compatible; BLEXBot/1.0; +http://webmeup-crawler.com/)"
54.234.54.153 - - [03/Mar/2016:10:26:45 +0800] "GET /robots.txt HTTP/1.1" 404 286 "-" "Mozilla/5.0 (compatible; linkdexbot/2.0; +http://www.linkdex.com/bots/)"
148.251.136.43 - - [03/Mar/2016:10:48:28 +0800] "GET /robots.txt HTTP/1.1" 404 286 "-" "Mozilla/5.0 (compatible; BLEXBot/1.0; +http://webmeup-crawler.com/)"
106.185.47.161 - - [03/Mar/2016:10:49:48 +0800] "GET http://www.baidu.com/cache/global/img/gs.gif HTTP/1.1" 404 300 "-" "Mozilla"
2.187.253.17 - - [03/Mar/2016:10:54:10 +0800] "GET /wzqd/jqueys/20141129_10064.html HTTP/1.1" 404 307 "-" "Mozilla/5.0 (compatible; yoozBot-2.2; http://yooz.ir; info@yooz.ir)"
103.41.52.91 - - [03/Mar/2016:11:00:20 +0800] "GET http://wenku.baidu.com/ HTTP/1.1" 403 4961 "-" "Mozilla/4.0 (compatible; MSIE 6.0; Windows NT 5.1; SV1; .NET CLR 2.0.50727; .NET CLR 3.0.04506.648; .NET CLR 3.5.21022)"
148.251.136.43 - - [03/Mar/2016:11:01:58 +0800] "GET /robots.txt HTTP/1.1" 404 286 "-" "Mozilla/5.0 (compatible; BLEXBot/1.0; +http://webmeup-crawler.com/)"
148.251.136.43 - - [03/Mar/2016:11:12:07 +0800] "GET /robots.txt HTTP/1.1" 404 286 "-" "Mozilla/5.0 (compatible; BLEXBot/1.0; +http://webmeup-crawler.com/)"
123.125.71.112 - - [03/Mar/2016:11:13:12 +0800] "GET / HTTP/1.1" 403 4961 "-" "Mozilla/5.0 (Windows NT 5.1; rv:6.0.2) Gecko/20100101 Firefox/6.0.2"
23.251.63.45 - - [03/Mar/2016:11:18:09 +0800] "GET http://www.mojeip.net.pl/asdfa/azenv.pl HTTP/1.0" 404 295 "-" "Mozilla/5.0 (compatible; MSIE 6.0; Windows NT 5.1; Trident/5.0)"
23.251.63.45 - - [03/Mar/2016:11:18:12 +0800] "CONNECT www.baidu.com:443 HTTP/1.0" 405 305 "-" "-"
220.181.108.156 - - [03/Mar/2016:11:21:58 +0800] "GET / HTTP/1.1" 403 4961 "-" "Mozilla/5.0 (Windows NT 5.1; rv:6.0.2) Gecko/20100101 Firefox/6.0.2"
148.251.136.43 - - [03/Mar/2016:11:22:19 +0800] "GET /robots.txt HTTP/1.1" 404 286 "-" "Mozilla/5.0 (compatible; BLEXBot/1.0; +http://webmeup-crawler.com/)"
148.251.136.43 - - [03/Mar/2016:11:32:26 +0800] "GET /robots.txt HTTP/1.1" 404 286 "-" "Mozilla/5.0 (compatible; BLEXBot/1.0; +http://webmeup-crawler.com/)"
148.251.136.43 - - [03/Mar/2016:11:42:41 +0800] "GET /robots.txt HTTP/1.1" 404 286 "-" "Mozilla/5.0 (compatible; BLEXBot/1.0; +http://webmeup-crawler.com/)"
101.226.169.211 - - [03/Mar/2016:11:47:26 +0800] "GET /html/Dreamweaver/2014_11/3940.html HTTP/1.1" 404 310 "http://zixuephp.com/html/Dreamweaver/2014_11/3940.html" "Mozilla/5.0 (Windows NT 6.1) AppleWebKit/537.1 (KHTML, like Gecko) Chrome/21.0.1180.89 Safari/537.1; 360Spider(compatible; HaosouSpider; http://www.haosou.com/help/help_3_2.html)"
148.251.136.43 - - [03/Mar/2016:11:52:43 +0800] "GET /robots.txt HTTP/1.1" 404 286 "-" "Mozilla/5.0 (compatible; BLEXBot/1.0; +http://webmeup-crawler.com/)"
148.251.136.43 - - [03/Mar/2016:12:13:51 +0800] "GET /robots.txt HTTP/1.1" 404 286 "-" "Mozilla/5.0 (compatible; BLEXBot/1.0; +http://webmeup-crawler.com/)"
123.125.71.82 - - [03/Mar/2016:12:13:54 +0800] "GET / HTTP/1.1" 403 4961 "-" "Mozilla/5.0 (Windows NT 5.1; rv:6.0.2) Gecko/20100101 Firefox/6.0.2"
5.178.86.74 - - [03/Mar/2016:12:17:49 +0800] "POST http://check.best-proxies.ru/azenv.php?auth=145697866845&a=PSCN&i=1926721863&p=80 HTTP/1.1" 404 294 "http://best-proxies.ru/" "Mozilla/4.0 (compatible; MSIE 8.0; Windows NT 5.1; Trident/4.0)"
148.251.136.43 - - [03/Mar/2016:12:24:13 +0800] "GET /robots.txt HTTP/1.1" 404 286 "-" "Mozilla/5.0 (compatible; BLEXBot/1.0; +http://webmeup-crawler.com/)"
148.251.136.43 - - [03/Mar/2016:12:35:13 +0800] "GET /robots.txt HTTP/1.1" 404 286 "-" "Mozilla/5.0 (compatible; BLEXBot/1.0; +http://webmeup-crawler.com/)"
148.251.136.43 - - [03/Mar/2016:12:57:50 +0800] "GET /robots.txt HTTP/1.1" 404 286 "-" "Mozilla/5.0 (compatible; BLEXBot/1.0; +http://webmeup-crawler.com/)"
2.187.253.17 - - [03/Mar/2016:13:01:50 +0800] "GET /robots.txt HTTP/1.1" 404 286 "-" "Mozilla/5.0 (compatible; yoozBot-2.2; http://yooz.ir; info@yooz.ir)"
2.187.253.17 - - [03/Mar/2016:13:01:51 +0800] "GET /html/wzgg/2014/0708/354.html HTTP/1.1" 404 304 "-" "Mozilla/5.0 (compatible; yoozBot-2.2; http://yooz.ir; info@yooz.ir)"
123.125.71.75 - - [03/Mar/2016:13:14:26 +0800] "GET / HTTP/1.1" 403 4961 "-" "Mozilla/5.0 (Windows NT 5.1; rv:6.0.2) Gecko/20100101 Firefox/6.0.2"
148.251.136.43 - - [03/Mar/2016:13:18:10 +0800] "GET /robots.txt HTTP/1.1" 404 286 "-" "Mozilla/5.0 (compatible; BLEXBot/1.0; +http://webmeup-crawler.com/)"
220.181.108.144 - - [03/Mar/2016:13:21:40 +0800] "GET / HTTP/1.1" 403 4961 "-" "Mozilla/5.0 (Windows NT 5.1; rv:6.0.2) Gecko/20100101 Firefox/6.0.2"
148.251.136.43 - - [03/Mar/2016:13:28:30 +0800] "GET /robots.txt HTTP/1.1" 404 286 "-" "Mozilla/5.0 (compatible; BLEXBot/1.0; +http://webmeup-crawler.com/)"
148.251.136.43 - - [03/Mar/2016:13:39:26 +0800] "GET /robots.txt HTTP/1.1" 404 286 "-" "Mozilla/5.0 (compatible; BLEXBot/1.0; +http://webmeup-crawler.com/)"
123.125.71.48 - - [03/Mar/2016:13:43:07 +0800] "GET /robots.txt HTTP/1.1" 404 305 "-" "Mozilla/5.0 (compatible; Baiduspider/2.0; +http://www.baidu.com/search/spider.html)"
106.120.188.158 - - [03/Mar/2016:13:44:08 +0800] "GET /robots.txt HTTP/1.1" 404 286 "-" "Sogou web spider/4.0(+http://www.sogou.com/docs/help/webmasters.htm#07)"
106.120.188.158 - - [03/Mar/2016:13:44:11 +0800] "GET / HTTP/1.1" 403 4961 "-" "Mozilla/5.0 (X11; Linux x86_64) AppleWebKit/534.34 (KHTML, like Gecko) Qt/4.8.1 Safari/534.34"
106.120.188.158 - - [03/Mar/2016:13:44:11 +0800] "GET /icons/apache_pb.gif HTTP/1.1" 200 2326 "http://zixuephp.com/" "Mozilla/5.0 (X11; Linux x86_64) AppleWebKit/534.34 (KHTML, like Gecko) Qt/4.8.1 Safari/534.34"
106.120.188.158 - - [03/Mar/2016:13:44:11 +0800] "GET /icons/poweredby.png HTTP/1.1" 200 3956 "http://zixuephp.com/" "Mozilla/5.0 (X11; Linux x86_64) AppleWebKit/534.34 (KHTML, like Gecko) Qt/4.8.1 Safari/534.34"
148.251.136.43 - - [03/Mar/2016:13:49:35 +0800] "GET /robots.txt HTTP/1.1" 404 286 "-" "Mozilla/5.0 (compatible; BLEXBot/1.0; +http://webmeup-crawler.com/)"
148.251.136.43 - - [03/Mar/2016:13:59:40 +0800] "GET /robots.txt HTTP/1.1" 404 286 "-" "Mozilla/5.0 (compatible; BLEXBot/1.0; +http://webmeup-crawler.com/)"
2.187.253.17 - - [03/Mar/2016:14:01:30 +0800] "GET /wzht/phpku/20141204_12459.html HTTP/1.1" 404 306 "-" "Mozilla/5.0 (compatible; yoozBot-2.2; http://yooz.ir; info@yooz.ir)"
148.251.136.43 - - [03/Mar/2016:14:10:44 +0800] "GET /robots.txt HTTP/1.1" 404 286 "-" "Mozilla/5.0 (compatible; BLEXBot/1.0; +http://webmeup-crawler.com/)"
123.125.71.76 - - [03/Mar/2016:14:13:43 +0800] "GET / HTTP/1.1" 403 4961 "-" "Mozilla/5.0 (Windows NT 5.1; rv:6.0.2) Gecko/20100101 Firefox/6.0.2"
148.251.136.43 - - [03/Mar/2016:14:21:14 +0800] "GET /robots.txt HTTP/1.1" 404 286 "-" "Mozilla/5.0 (compatible; BLEXBot/1.0; +http://webmeup-crawler.com/)"
220.181.108.184 - - [03/Mar/2016:14:21:50 +0800] "GET / HTTP/1.1" 403 4961 "-" "Mozilla/5.0 (Windows NT 5.1; rv:6.0.2) Gecko/20100101 Firefox/6.0.2"
69.61.12.70 - - [03/Mar/2016:14:25:44 +0800] "GET / HTTP/1.1" 403 4961 "http://2RHREVYITXC532P556RZ7AUE6RTSSP2DFBSC4GABT6SBXYO5V2VRFEUV7T4PGPS.PYBYX2CM7.OOSRGOUOCXKAAGL54K4HOXXQPKEBOS7I5IVRAOFYGA2GLZLW.cdn1.common.crawl.zone/" "Mozilla/5.0 (Windows NT 6.1; WOW64; rv:39.0) Gecko/20100101 Firefox/39.0"
69.61.12.70 - - [03/Mar/2016:14:25:45 +0800] "GET / HTTP/1.1" 403 4961 "http://2RHREVYITXC532P556RZ7AUE6RTSSP2DFBSC4GABT6SBXYO5V2VRFEUV7T4PGPS.PYBYX2CM7.OOSRGOUOCXKAAGL54K4HOXXQPKEBOS7I5IVRAOFYGA2GLZLW.cdn1.common.crawl.zone/" "Mozilla/5.0 (Windows NT 6.1; WOW64; rv:39.0) Gecko/20100101 Firefox/39.0"
148.251.136.43 - - [03/Mar/2016:14:31:19 +0800] "GET /robots.txt HTTP/1.1" 404 286 "-" "Mozilla/5.0 (compatible; BLEXBot/1.0; +http://webmeup-crawler.com/)"
148.251.136.43 - - [03/Mar/2016:14:41:41 +0800] "GET /robots.txt HTTP/1.1" 404 286 "-" "Mozilla/5.0 (compatible; BLEXBot/1.0; +http://webmeup-crawler.com/)"
148.251.136.43 - - [03/Mar/2016:14:52:42 +0800] "GET /robots.txt HTTP/1.1" 404 286 "-" "Mozilla/5.0 (compatible; BLEXBot/1.0; +http://webmeup-crawler.com/)"
148.251.136.43 - - [03/Mar/2016:15:03:38 +0800] "GET /robots.txt HTTP/1.1" 404 286 "-" "Mozilla/5.0 (compatible; BLEXBot/1.0; +http://webmeup-crawler.com/)"
69.61.12.70 - - [03/Mar/2016:15:05:08 +0800] "GET / HTTP/1.1" 403 4961 "" "Mozilla/5.0 CommonCrawler Node IJANNJJZUXLCK4LSM52WEUSA2ELQQPHUZ3UWGEQQSEFXMBU7URPNVWHOHZ2T6VL.XPWUOKKBD.WMALQANMTWHFXGRZ2RSYVOTF7GM3SQO4BLHSEPSL5QAN7LSP.cdn0.common.crawl.zone"
148.251.136.43 - - [03/Mar/2016:15:13:52 +0800] "GET /robots.txt HTTP/1.1" 404 286 "-" "Mozilla/5.0 (compatible; BLEXBot/1.0; +http://webmeup-crawler.com/)"
123.125.71.106 - - [03/Mar/2016:15:14:12 +0800] "GET / HTTP/1.1" 403 4961 "-" "Mozilla/5.0 (Windows NT 5.1; rv:6.0.2) Gecko/20100101 Firefox/6.0.2"
148.251.136.43 - - [03/Mar/2016:15:24:03 +0800] "GET /robots.txt HTTP/1.1" 404 286 "-" "Mozilla/5.0 (compatible; BLEXBot/1.0; +http://webmeup-crawler.com/)"
2.187.253.17 - - [03/Mar/2016:15:26:02 +0800] "GET /wzht/phpku/20141204_12461.html HTTP/1.1" 404 306 "-" "Mozilla/5.0 (compatible; yoozBot-2.2; http://yooz.ir; info@yooz.ir)"
123.151.42.61 - - [03/Mar/2016:15:32:42 +0800] "GET http://www.baidu.com/ HTTP/1.1" 403 4961 "-" "-"
52.11.251.80 - - [03/Mar/2016:15:33:06 +0800] "GET / HTTP/1.1" 403 4961 "-" "-"
148.251.136.43 - - [03/Mar/2016:15:34:47 +0800] "GET /robots.txt HTTP/1.1" 404 286 "-" "Mozilla/5.0 (compatible; BLEXBot/1.0; +http://webmeup-crawler.com/)"
2.187.253.17 - - [03/Mar/2016:15:38:23 +0800] "GET /wzht/phpku/20141204_11964.html HTTP/1.1" 404 306 "-" "Mozilla/5.0 (compatible; yoozBot-2.2; http://yooz.ir; info@yooz.ir)"
148.251.136.43 - - [03/Mar/2016:15:45:44 +0800] "GET /robots.txt HTTP/1.1" 404 286 "-" "Mozilla/5.0 (compatible; BLEXBot/1.0; +http://webmeup-crawler.com/)"
148.251.136.43 - - [03/Mar/2016:15:55:57 +0800] "GET /robots.txt HTTP/1.1" 404 286 "-" "Mozilla/5.0 (compatible; BLEXBot/1.0; +http://webmeup-crawler.com/)"
123.57.10.148 - - [03/Mar/2016:15:57:51 +0800] "GET / HTTP/1.1" 403 4961 "-" "-"
148.251.136.43 - - [03/Mar/2016:16:06:46 +0800] "GET /robots.txt HTTP/1.1" 404 286 "-" "Mozilla/5.0 (compatible; BLEXBot/1.0; +http://webmeup-crawler.com/)"
123.125.71.109 - - [03/Mar/2016:16:13:51 +0800] "GET / HTTP/1.1" 403 4961 "-" "Mozilla/5.0 (Windows NT 5.1; rv:6.0.2) Gecko/20100101 Firefox/6.0.2"
148.251.136.43 - - [03/Mar/2016:16:17:22 +0800] "GET /robots.txt HTTP/1.1" 404 286 "-" "Mozilla/5.0 (compatible; BLEXBot/1.0; +http://webmeup-crawler.com/)"
148.251.136.43 - - [03/Mar/2016:16:28:29 +0800] "GET /robots.txt HTTP/1.1" 404 286 "-" "Mozilla/5.0 (compatible; BLEXBot/1.0; +http://webmeup-crawler.com/)"
148.251.136.43 - - [03/Mar/2016:16:38:47 +0800] "GET /robots.txt HTTP/1.1" 404 286 "-" "Mozilla/5.0 (compatible; BLEXBot/1.0; +http://webmeup-crawler.com/)"
148.251.136.43 - - [03/Mar/2016:16:49:26 +0800] "GET /robots.txt HTTP/1.1" 404 286 "-" "Mozilla/5.0 (compatible; BLEXBot/1.0; +http://webmeup-crawler.com/)"
54.160.243.201 - - [03/Mar/2016:16:50:15 +0800] "GET /robots.txt HTTP/1.1" 404 286 "-" "Mozilla/5.0 (compatible; linkdexbot/2.0; +http://www.linkdex.com/bots/)"
148.251.136.43 - - [03/Mar/2016:17:00:09 +0800] "GET /robots.txt HTTP/1.1" 404 286 "-" "Mozilla/5.0 (compatible; BLEXBot/1.0; +http://webmeup-crawler.com/)"
120.24.54.198 - - [03/Mar/2016:17:00:13 +0800] "GET / HTTP/1.0" 403 4961 "-" "-"
120.24.54.198 - - [03/Mar/2016:17:00:17 +0800] "HEAD / HTTP/1.0" 403 - "-" "-"
120.24.54.198 - - [03/Mar/2016:17:00:23 +0800] "TRACE HTTP://localhost HTTP/1.0" 200 35 "-" "-"
148.251.136.43 - - [03/Mar/2016:17:11:05 +0800] "GET /robots.txt HTTP/1.1" 404 286 "-" "Mozilla/5.0 (compatible; BLEXBot/1.0; +http://webmeup-crawler.com/)"
123.125.71.116 - - [03/Mar/2016:17:13:05 +0800] "GET / HTTP/1.1" 403 4961 "-" "Mozilla/5.0 (Windows NT 5.1; rv:6.0.2) Gecko/20100101 Firefox/6.0.2"
95.213.187.187 - - [03/Mar/2016:17:14:20 +0800] "CONNECT check.best-proxies.ru:80 HTTP/1.1" 400 313 "-" "-"
148.251.136.43 - - [03/Mar/2016:17:21:18 +0800] "GET /robots.txt HTTP/1.1" 404 286 "-" "Mozilla/5.0 (compatible; BLEXBot/1.0; +http://webmeup-crawler.com/)"
148.251.136.43 - - [03/Mar/2016:17:32:04 +0800] "GET /robots.txt HTTP/1.1" 404 286 "-" "Mozilla/5.0 (compatible; BLEXBot/1.0; +http://webmeup-crawler.com/)"
91.196.50.33 - - [03/Mar/2016:17:33:07 +0800] "GET http://testp1.piwo.pila.pl/testproxy.php HTTP/1.1" 404 296 "-" "Mozilla/5.0 (Windows NT 5.1; rv:32.0) Gecko/20100101 Firefox/31.0"
54.167.50.140 - - [03/Mar/2016:17:39:17 +0800] "GET /robots.txt HTTP/1.1" 404 286 "-" "Mozilla/5.0 (compatible; linkdexbot/2.0; +http://www.linkdex.com/bots/)"
148.251.136.43 - - [03/Mar/2016:17:42:46 +0800] "GET /robots.txt HTTP/1.1" 404 286 "-" "Mozilla/5.0 (compatible; BLEXBot/1.0; +http://webmeup-crawler.com/)"
54.160.243.201 - - [03/Mar/2016:17:50:04 +0800] "GET /robots.txt HTTP/1.1" 404 286 "-" "Mozilla/5.0 (compatible; linkdexbot/2.0; +http://www.linkdex.com/bots/)"
186.205.202.154 - - [03/Mar/2016:17:53:12 +0800] "GET / HTTP/1.1" 403 4961 "http://top1-seo-service.com/try.php?u=http://zixuephp.com" "Mozilla/5.0 (Windows NT 6.1; WOW64) AppleWebKit/537.36 (KHTML, like Gecko) Chrome/47.0.2526.111 Safari/537.36"
186.205.202.154 - - [03/Mar/2016:17:53:13 +0800] "GET /icons/apache_pb.gif HTTP/1.1" 200 2326 "http://zixuephp.com/" "Mozilla/5.0 (Windows NT 6.1; WOW64) AppleWebKit/537.36 (KHTML, like Gecko) Chrome/47.0.2526.111 Safari/537.36"
186.205.202.154 - - [03/Mar/2016:17:53:13 +0800] "GET /icons/poweredby.png HTTP/1.1" 200 3956 "http://zixuephp.com/" "Mozilla/5.0 (Windows NT 6.1; WOW64) AppleWebKit/537.36 (KHTML, like Gecko) Chrome/47.0.2526.111 Safari/537.36"
148.251.136.43 - - [03/Mar/2016:17:53:20 +0800] "GET /robots.txt HTTP/1.1" 404 286 "-" "Mozilla/5.0 (compatible; BLEXBot/1.0; +http://webmeup-crawler.com/)"
148.251.136.43 - - [03/Mar/2016:18:03:27 +0800] "GET /robots.txt HTTP/1.1" 404 286 "-" "Mozilla/5.0 (compatible; BLEXBot/1.0; +http://webmeup-crawler.com/)"
123.125.71.90 - - [03/Mar/2016:18:13:52 +0800] "GET / HTTP/1.1" 403 4961 "-" "Mozilla/5.0 (Windows NT 5.1; rv:6.0.2) Gecko/20100101 Firefox/6.0.2"
148.251.136.43 - - [03/Mar/2016:18:14:48 +0800] "GET /robots.txt HTTP/1.1" 404 286 "-" "Mozilla/5.0 (compatible; BLEXBot/1.0; +http://webmeup-crawler.com/)"
148.251.136.43 - - [03/Mar/2016:18:18:05 +0800] "GET /robots.txt HTTP/1.1" 404 286 "-" "Mozilla/5.0 (compatible; BLEXBot/1.0; +http://webmeup-crawler.com/)"
220.181.108.185 - - [03/Mar/2016:18:21:13 +0800] "GET / HTTP/1.1" 403 4961 "-" "Mozilla/5.0 (Windows NT 5.1; rv:6.0.2) Gecko/20100101 Firefox/6.0.2"
148.251.136.43 - - [03/Mar/2016:18:28:22 +0800] "GET /robots.txt HTTP/1.1" 404 286 "-" "Mozilla/5.0 (compatible; BLEXBot/1.0; +http://webmeup-crawler.com/)"
148.251.136.43 - - [03/Mar/2016:18:39:26 +0800] "GET /robots.txt HTTP/1.1" 404 286 "-" "Mozilla/5.0 (compatible; BLEXBot/1.0; +http://webmeup-crawler.com/)"
148.251.136.43 - - [03/Mar/2016:18:49:37 +0800] "GET /robots.txt HTTP/1.1" 404 286 "-" "Mozilla/5.0 (compatible; BLEXBot/1.0; +http://webmeup-crawler.com/)"
208.184.112.74 - - [03/Mar/2016:18:52:40 +0800] "GET / HTTP/1.1" 403 4961 "http://www.bing.com" "Mozilla/5.0 (compatible; MSIE 8.0; Windows NT 6.1; Trident/4.0; .NET CLR 2.0.50727; .NET CLR 3.5.30729; .NET CLR 3.0.30729; .NET CLR 1.0.3705; .NET CLR 1.1.4322)"
42.120.160.79 - - [03/Mar/2016:18:54:18 +0800] "GET / HTTP/1.1" 403 4961 "-" "YisouSpider"
148.251.136.43 - - [03/Mar/2016:19:00:25 +0800] "GET /robots.txt HTTP/1.1" 404 286 "-" "Mozilla/5.0 (compatible; BLEXBot/1.0; +http://webmeup-crawler.com/)"
207.46.13.153 - - [03/Mar/2016:19:08:17 +0800] "GET / HTTP/1.1" 403 4961 "-" "Mozilla/5.0 (compatible; bingbot/2.0; +http://www.bing.com/bingbot.htm)"
148.251.136.43 - - [03/Mar/2016:19:11:14 +0800] "GET /robots.txt HTTP/1.1" 404 286 "-" "Mozilla/5.0 (compatible; BLEXBot/1.0; +http://webmeup-crawler.com/)"
123.125.71.108 - - [03/Mar/2016:19:14:51 +0800] "GET / HTTP/1.1" 403 4961 "-" "Mozilla/5.0 (Windows NT 5.1; rv:6.0.2) Gecko/20100101 Firefox/6.0.2"
151.80.41.169 - - [03/Mar/2016:19:16:03 +0800] "GET /robots.txt HTTP/1.0" 404 286 "-" "Mozilla/5.0 (compatible; MJ12bot/v1.4.5; http://www.majestic12.co.uk/bot.php?+)"
151.80.41.169 - - [03/Mar/2016:19:16:06 +0800] "GET / HTTP/1.0" 403 4961 "-" "Mozilla/5.0 (compatible; MJ12bot/v1.4.5; http://www.majestic12.co.uk/bot.php?+)"
148.251.136.43 - - [03/Mar/2016:19:21:55 +0800] "GET /robots.txt HTTP/1.1" 404 286 "-" "Mozilla/5.0 (compatible; BLEXBot/1.0; +http://webmeup-crawler.com/)"
148.251.136.43 - - [03/Mar/2016:19:32:35 +0800] "GET /robots.txt HTTP/1.1" 404 286 "-" "Mozilla/5.0 (compatible; BLEXBot/1.0; +http://webmeup-crawler.com/)"
61.190.254.7 - - [03/Mar/2016:19:34:44 +0800] "GET / HTTP/1.0" 403 4961 "-" "-"
61.190.254.7 - - [03/Mar/2016:19:34:46 +0800] "HEAD / HTTP/1.0" 403 - "-" "-"
61.190.254.7 - - [03/Mar/2016:19:34:48 +0800] "TRACE HTTP://localhost HTTP/1.0" 200 35 "-" "-"
61.190.254.7 - - [03/Mar/2016:19:34:50 +0800] "TRACE / HTTP/1.0" 200 20 "-" "-"
61.190.254.7 - - [03/Mar/2016:19:34:51 +0800] "\x80\x80\x01\x03\x01" 501 282 "-" "-"
61.190.254.7 - - [03/Mar/2016:19:35:28 +0800] "HELO AMAP" 400 301 "-" "-"
61.190.254.7 - - [03/Mar/2016:19:35:30 +0800] "USER AMAP" 400 301 "-" "-"
61.190.254.7 - - [03/Mar/2016:19:36:14 +0800] "" 501 277 "-" "-"
61.190.254.7 - - [03/Mar/2016:19:36:34 +0800] "< NTP/1.2 >" 400 301 "-" "-"
148.251.136.43 - - [03/Mar/2016:19:43:41 +0800] "GET /robots.txt HTTP/1.1" 404 286 "-" "Mozilla/5.0 (compatible; BLEXBot/1.0; +http://webmeup-crawler.com/)"
5.44.105.117 - - [03/Mar/2016:19:47:36 +0800] "GET http://www.baidu.com/cache/global/img/gs.gif HTTP/1.1" 404 300 "-" "Mozilla"
148.251.136.43 - - [03/Mar/2016:19:53:57 +0800] "GET /robots.txt HTTP/1.1" 404 286 "-" "Mozilla/5.0 (compatible; BLEXBot/1.0; +http://webmeup-crawler.com/)"
123.114.6.82 - - [03/Mar/2016:20:02:34 +0800] "GET / HTTP/1.1" 403 4961 "-" "Mozilla/4.0 (compatible; MSIE 7.0; Windows NT 6.1; WOW64; Trident/5.0; SLCC2; .NET CLR 2.0.50727; .NET CLR 3.5.30729; .NET CLR 3.0.30729; Media Center PC 6.0; .NET4.0C; .NET4.0E)"
123.114.6.82 - - [03/Mar/2016:20:02:35 +0800] "GET /bbs HTTP/1.1" 404 279 "-" "Mozilla/4.0 (compatible; MSIE 7.0; Windows NT 6.1; WOW64; Trident/5.0; SLCC2; .NET CLR 2.0.50727; .NET CLR 3.5.30729; .NET CLR 3.0.30729; Media Center PC 6.0; .NET4.0C; .NET4.0E)"
148.251.136.43 - - [03/Mar/2016:20:04:45 +0800] "GET /robots.txt HTTP/1.1" 404 286 "-" "Mozilla/5.0 (compatible; BLEXBot/1.0; +http://webmeup-crawler.com/)"
123.125.71.74 - - [03/Mar/2016:20:14:23 +0800] "GET / HTTP/1.1" 403 4961 "-" "Mozilla/5.0 (Windows NT 5.1; rv:6.0.2) Gecko/20100101 Firefox/6.0.2"
148.251.136.43 - - [03/Mar/2016:20:15:57 +0800] "GET /robots.txt HTTP/1.1" 404 286 "-" "Mozilla/5.0 (compatible; BLEXBot/1.0; +http://webmeup-crawler.com/)"
61.190.254.5 - - [03/Mar/2016:20:16:48 +0800] "GET / HTTP/1.0" 403 4961 "-" "-"
61.190.254.5 - - [03/Mar/2016:20:16:50 +0800] "HEAD / HTTP/1.0" 403 - "-" "-"
61.190.254.5 - - [03/Mar/2016:20:16:52 +0800] "TRACE HTTP://localhost HTTP/1.0" 200 35 "-" "-"
61.190.254.5 - - [03/Mar/2016:20:16:53 +0800] "TRACE / HTTP/1.0" 200 20 "-" "-"
61.190.254.5 - - [03/Mar/2016:20:16:55 +0800] "\x80\x80\x01\x03\x01" 501 282 "-" "-"
61.190.254.5 - - [03/Mar/2016:20:17:29 +0800] "HELO AMAP" 400 301 "-" "-"
61.190.254.5 - - [03/Mar/2016:20:17:30 +0800] "USER AMAP" 400 301 "-" "-"
61.190.254.5 - - [03/Mar/2016:20:18:11 +0800] "" 501 277 "-" "-"
61.190.254.5 - - [03/Mar/2016:20:18:31 +0800] "< NTP/1.2 >" 400 301 "-" "-"
148.251.136.43 - - [03/Mar/2016:20:26:43 +0800] "GET /robots.txt HTTP/1.1" 404 286 "-" "Mozilla/5.0 (compatible; BLEXBot/1.0; +http://webmeup-crawler.com/)"
148.251.136.43 - - [03/Mar/2016:20:37:09 +0800] "GET /robots.txt HTTP/1.1" 404 286 "-" "Mozilla/5.0 (compatible; BLEXBot/1.0; +http://webmeup-crawler.com/)"
82.211.23.23 - - [03/Mar/2016:20:43:37 +0800] "GET /xmlrpc.php HTTP/1.1" 404 286 "-" "-"
148.251.136.43 - - [03/Mar/2016:20:48:08 +0800] "GET /robots.txt HTTP/1.1" 404 286 "-" "Mozilla/5.0 (compatible; BLEXBot/1.0; +http://webmeup-crawler.com/)"
211.161.247.248 - - [03/Mar/2016:20:49:58 +0800] "GET / HTTP/1.1" 403 4961 "-" "Mozilla/5.0 (iPad; U; CPU OS 5_1 like Mac OS X) AppleWebKit/531.21.10 (KHTML, like Gecko) Version/4.0.4 Mobile/7B367 Safari/531.21.10"
211.161.247.248 - - [03/Mar/2016:20:49:58 +0800] "GET /icons/apache_pb.gif HTTP/1.1" 200 2326 "http://zixuephp.com/" "Mozilla/5.0 (iPad; U; CPU OS 5_1 like Mac OS X) AppleWebKit/531.21.10 (KHTML, like Gecko) Version/4.0.4 Mobile/7B367 Safari/531.21.10"
211.161.247.248 - - [03/Mar/2016:20:49:58 +0800] "GET /icons/poweredby.png HTTP/1.1" 200 3956 "http://zixuephp.com/" "Mozilla/5.0 (iPad; U; CPU OS 5_1 like Mac OS X) AppleWebKit/531.21.10 (KHTML, like Gecko) Version/4.0.4 Mobile/7B367 Safari/531.21.10"
211.161.247.248 - - [03/Mar/2016:20:49:58 +0800] "GET /favicon.ico HTTP/1.1" 404 287 "http://zixuephp.com/" "Mozilla/5.0 (iPad; U; CPU OS 5_1 like Mac OS X) AppleWebKit/531.21.10 (KHTML, like Gecko) Version/4.0.4 Mobile/7B367 Safari/531.21.10"
148.251.136.43 - - [03/Mar/2016:20:59:26 +0800] "GET /robots.txt HTTP/1.1" 404 286 "-" "Mozilla/5.0 (compatible; BLEXBot/1.0; +http://webmeup-crawler.com/)"
69.61.12.70 - - [03/Mar/2016:21:00:52 +0800] "GET / HTTP/1.1" 403 4961 "" "Mozilla/5.0 CommonCrawler Node YD3HBGDOUYZXJAPRZDTYZ6KG3YYMBPSNIWPCT6O2RZHSHW2RP7VPVKUABVG32I2.Y2WL5KYLN.SESSPHOXDSYVCQEE6K4URXBFRX2B3IU46GRI7PLWLNU4O2W7.cdn0.common.crawl.zone"
148.251.136.43 - - [03/Mar/2016:21:10:56 +0800] "GET /robots.txt HTTP/1.1" 404 286 "-" "Mozilla/5.0 (compatible; BLEXBot/1.0; +http://webmeup-crawler.com/)"
123.125.71.114 - - [03/Mar/2016:21:14:46 +0800] "GET / HTTP/1.1" 403 4961 "-" "Mozilla/5.0 (Windows NT 5.1; rv:6.0.2) Gecko/20100101 Firefox/6.0.2"
148.251.136.43 - - [03/Mar/2016:21:21:59 +0800] "GET /robots.txt HTTP/1.1" 404 286 "-" "Mozilla/5.0 (compatible; BLEXBot/1.0; +http://webmeup-crawler.com/)"
148.251.136.43 - - [03/Mar/2016:21:32:13 +0800] "GET /robots.txt HTTP/1.1" 404 286 "-" "Mozilla/5.0 (compatible; BLEXBot/1.0; +http://webmeup-crawler.com/)"
112.74.32.25 - - [03/Mar/2016:21:41:32 +0800] "GET / HTTP/1.0" 403 4961 "-" "-"
112.74.32.25 - - [03/Mar/2016:21:41:34 +0800] "HEAD / HTTP/1.0" 403 - "-" "-"
112.74.32.25 - - [03/Mar/2016:21:41:37 +0800] "TRACE HTTP://localhost HTTP/1.0" 200 35 "-" "-"
112.74.32.25 - - [03/Mar/2016:21:41:39 +0800] "TRACE / HTTP/1.0" 200 20 "-" "-"
112.74.32.25 - - [03/Mar/2016:21:41:42 +0800] "\x80\x80\x01\x03\x01" 501 282 "-" "-"
112.74.32.25 - - [03/Mar/2016:21:42:20 +0800] "HELO AMAP" 400 301 "-" "-"
112.74.32.25 - - [03/Mar/2016:21:42:23 +0800] "USER AMAP" 400 301 "-" "-"
148.251.136.43 - - [03/Mar/2016:21:42:47 +0800] "GET /robots.txt HTTP/1.1" 404 286 "-" "Mozilla/5.0 (compatible; BLEXBot/1.0; +http://webmeup-crawler.com/)"
112.74.32.25 - - [03/Mar/2016:21:43:10 +0800] "" 501 277 "-" "-"
112.74.32.25 - - [03/Mar/2016:21:43:34 +0800] "< NTP/1.2 >" 400 301 "-" "-"
177.189.215.3 - - [03/Mar/2016:21:49:00 +0800] "GET / HTTP/1.1" 403 4961 "http://top1-seo-service.com/try.php?u=http://zixuephp.com" "Mozilla/5.0 (Windows NT 6.1; WOW64) AppleWebKit/537.36 (KHTML, like Gecko) Chrome/35.0.1916.153 Safari/537.36"
177.189.215.3 - - [03/Mar/2016:21:49:05 +0800] "GET /icons/apache_pb.gif HTTP/1.1" 200 2326 "http://zixuephp.com/" "Mozilla/5.0 (Windows NT 6.1; WOW64) AppleWebKit/537.36 (KHTML, like Gecko) Chrome/35.0.1916.153 Safari/537.36"
177.189.215.3 - - [03/Mar/2016:21:49:05 +0800] "GET /icons/poweredby.png HTTP/1.1" 200 3956 "http://zixuephp.com/" "Mozilla/5.0 (Windows NT 6.1; WOW64) AppleWebKit/537.36 (KHTML, like Gecko) Chrome/35.0.1916.153 Safari/537.36"
148.251.136.43 - - [03/Mar/2016:21:53:36 +0800] "GET /robots.txt HTTP/1.1" 404 286 "-" "Mozilla/5.0 (compatible; BLEXBot/1.0; +http://webmeup-crawler.com/)"
148.251.136.43 - - [03/Mar/2016:22:04:35 +0800] "GET /robots.txt HTTP/1.1" 404 286 "-" "Mozilla/5.0 (compatible; BLEXBot/1.0; +http://webmeup-crawler.com/)"
5.178.86.76 - - [03/Mar/2016:22:06:25 +0800] "CONNECT check.best-proxies.ru:80 HTTP/1.1" 400 313 "-" "-"
123.125.71.73 - - [03/Mar/2016:22:14:39 +0800] "GET / HTTP/1.1" 403 4961 "-" "Mozilla/5.0 (Windows NT 5.1; rv:6.0.2) Gecko/20100101 Firefox/6.0.2"
148.251.136.43 - - [03/Mar/2016:22:15:34 +0800] "GET /robots.txt HTTP/1.1" 404 286 "-" "Mozilla/5.0 (compatible; BLEXBot/1.0; +http://webmeup-crawler.com/)"
148.251.136.43 - - [03/Mar/2016:22:25:39 +0800] "GET /robots.txt HTTP/1.1" 404 286 "-" "Mozilla/5.0 (compatible; BLEXBot/1.0; +http://webmeup-crawler.com/)"
148.251.136.43 - - [03/Mar/2016:22:37:16 +0800] "GET /robots.txt HTTP/1.1" 404 286 "-" "Mozilla/5.0 (compatible; BLEXBot/1.0; +http://webmeup-crawler.com/)"
148.251.136.43 - - [03/Mar/2016:22:48:27 +0800] "GET /robots.txt HTTP/1.1" 404 286 "-" "Mozilla/5.0 (compatible; BLEXBot/1.0; +http://webmeup-crawler.com/)"
121.196.208.83 - - [03/Mar/2016:22:49:42 +0800] "GET / HTTP/1.0" 403 4961 "-" "-"
121.196.208.83 - - [03/Mar/2016:22:49:44 +0800] "HEAD / HTTP/1.0" 403 - "-" "-"
121.196.208.83 - - [03/Mar/2016:22:49:46 +0800] "TRACE HTTP://localhost HTTP/1.0" 200 35 "-" "-"
121.196.208.83 - - [03/Mar/2016:22:49:48 +0800] "TRACE / HTTP/1.0" 200 20 "-" "-"
121.196.208.83 - - [03/Mar/2016:22:49:49 +0800] "\x80\x80\x01\x03\x01" 501 282 "-" "-"
121.196.208.83 - - [03/Mar/2016:22:50:29 +0800] "HELO AMAP" 400 301 "-" "-"
121.196.208.83 - - [03/Mar/2016:22:50:31 +0800] "USER AMAP" 400 301 "-" "-"
121.196.208.83 - - [03/Mar/2016:22:51:17 +0800] "" 501 277 "-" "-"
121.196.208.83 - - [03/Mar/2016:22:51:38 +0800] "< NTP/1.2 >" 400 301 "-" "-"
148.251.136.43 - - [03/Mar/2016:22:59:28 +0800] "GET /robots.txt HTTP/1.1" 404 286 "-" "Mozilla/5.0 (compatible; BLEXBot/1.0; +http://webmeup-crawler.com/)"
91.196.50.33 - - [03/Mar/2016:23:02:55 +0800] "GET http://testp2.czar.bielawa.pl/testproxy.php HTTP/1.1" 404 299 "-" "Mozilla/5.0 (Windows NT 5.1; rv:32.0) Gecko/20100101 Firefox/31.0"
148.251.136.43 - - [03/Mar/2016:23:09:31 +0800] "GET /robots.txt HTTP/1.1" 404 286 "-" "Mozilla/5.0 (compatible; BLEXBot/1.0; +http://webmeup-crawler.com/)"
123.125.71.78 - - [03/Mar/2016:23:13:35 +0800] "GET / HTTP/1.1" 403 4961 "-" "Mozilla/5.0 (Windows NT 5.1; rv:6.0.2) Gecko/20100101 Firefox/6.0.2"
104.154.75.2 - - [03/Mar/2016:23:15:43 +0800] "GET / HTTP/1.0" 403 4961 "-" "NerdyBot"
148.251.136.43 - - [03/Mar/2016:23:20:07 +0800] "GET /robots.txt HTTP/1.1" 404 286 "-" "Mozilla/5.0 (compatible; BLEXBot/1.0; +http://webmeup-crawler.com/)"
220.181.108.180 - - [03/Mar/2016:23:21:48 +0800] "GET / HTTP/1.1" 403 4961 "-" "Mozilla/5.0 (Windows NT 5.1; rv:6.0.2) Gecko/20100101 Firefox/6.0.2"
148.251.136.43 - - [03/Mar/2016:23:30:17 +0800] "GET /robots.txt HTTP/1.1" 404 286 "-" "Mozilla/5.0 (compatible; BLEXBot/1.0; +http://webmeup-crawler.com/)"
148.251.136.43 - - [03/Mar/2016:23:40:27 +0800] "GET /robots.txt HTTP/1.1" 404 286 "-" "Mozilla/5.0 (compatible; BLEXBot/1.0; +http://webmeup-crawler.com/)"
148.251.136.43 - - [03/Mar/2016:23:51:33 +0800] "GET /robots.txt HTTP/1.1" 404 286 "-" "Mozilla/5.0 (compatible; BLEXBot/1.0; +http://webmeup-crawler.com/)"
172.82.166.210 - - [03/Mar/2016:23:52:12 +0800] "GET http://www.baidu.com/cache/global/img/gs.gif HTTP/1.1" 404 300 "-" "Mozilla"
148.251.136.43 - - [04/Mar/2016:00:01:48 +0800] "GET /robots.txt HTTP/1.1" 404 286 "-" "Mozilla/5.0 (compatible; BLEXBot/1.0; +http://webmeup-crawler.com/)"
148.251.136.43 - - [04/Mar/2016:00:12:35 +0800] "GET /robots.txt HTTP/1.1" 404 286 "-" "Mozilla/5.0 (compatible; BLEXBot/1.0; +http://webmeup-crawler.com/)"
123.125.71.107 - - [04/Mar/2016:00:14:45 +0800] "GET / HTTP/1.1" 403 4961 "-" "Mozilla/5.0 (Windows NT 5.1; rv:6.0.2) Gecko/20100101 Firefox/6.0.2"
150.70.188.180 - - [04/Mar/2016:00:16:27 +0800] "GET / HTTP/1.1" 403 4961 "-" "Mozilla/4.0 (compatible; MSIE 8.0; Windows NT 5.1; Trident/4.0)"
54.234.54.153 - - [04/Mar/2016:00:22:12 +0800] "GET /robots.txt HTTP/1.1" 404 286 "-" "Mozilla/5.0 (compatible; linkdexbot/2.0; +http://www.linkdex.com/bots/)"
148.251.136.43 - - [04/Mar/2016:00:23:48 +0800] "GET /robots.txt HTTP/1.1" 404 286 "-" "Mozilla/5.0 (compatible; BLEXBot/1.0; +http://webmeup-crawler.com/)"
